
Server started on port 3002 at 2025-02-13T05:44:43.761Z
2025-02-13T05:45:54.675Z - GET /
2025-02-13T05:45:55.034Z - GET /favicon.ico
2025-02-13T08:26:51.359Z - GET /
2025-02-13T08:26:51.657Z - GET /favicon.ico
2025-02-13T09:27:47.061Z - GET /

Server started on port 3002 at 2025-02-13T09:27:54.968Z
2025-02-13T09:30:59.305Z - GET /
2025-02-13T09:31:02.782Z - GET /
2025-02-13T09:31:20.348Z - GET /
2025-02-13T09:31:32.809Z - GET /
2025-02-13T09:31:50.365Z - GET /
2025-02-13T09:32:02.823Z - GET /
2025-02-13T09:32:20.395Z - GET /
2025-02-13T09:32:32.843Z - GET /
2025-02-13T09:32:50.416Z - GET /
2025-02-13T09:33:02.875Z - GET /
2025-02-13T09:33:20.446Z - GET /
2025-02-13T09:33:32.905Z - GET /
2025-02-13T09:33:50.460Z - GET /
2025-02-13T09:34:02.936Z - GET /
2025-02-13T09:34:20.481Z - GET /
2025-02-13T09:34:32.966Z - GET /
2025-02-13T09:34:50.508Z - GET /
2025-02-13T09:35:02.993Z - GET /
2025-02-13T09:35:20.513Z - GET /
2025-02-13T09:35:32.999Z - GET /
2025-02-13T09:35:50.519Z - GET /
2025-02-13T09:36:03.031Z - GET /
2025-02-13T09:36:20.550Z - GET /
2025-02-13T09:36:33.046Z - GET /
2025-02-13T09:36:50.580Z - GET /
2025-02-13T09:37:03.070Z - GET /
2025-02-13T09:37:20.592Z - GET /
2025-02-13T09:37:33.081Z - GET /
2025-02-13T09:37:50.621Z - GET /
2025-02-13T09:38:03.109Z - GET /
2025-02-13T09:38:20.652Z - GET /
2025-02-13T09:38:33.134Z - GET /
2025-02-13T09:38:50.682Z - GET /
2025-02-13T09:38:59.508Z - HEAD /Core/Skin/Login.aspx
2025-02-13T09:39:03.164Z - GET /
2025-02-13T09:39:20.704Z - GET /
2025-02-13T09:39:33.169Z - GET /
2025-02-13T09:39:50.730Z - GET /
2025-02-13T09:40:03.201Z - GET /
2025-02-13T09:40:20.742Z - GET /
2025-02-13T09:40:33.213Z - GET /
2025-02-13T09:40:50.765Z - GET /
2025-02-13T09:41:03.242Z - GET /
2025-02-13T09:41:20.795Z - GET /
2025-02-13T09:41:33.266Z - GET /
2025-02-13T09:41:50.804Z - GET /
2025-02-13T09:42:03.287Z - GET /
2025-02-13T09:42:20.835Z - GET /
2025-02-13T09:42:33.299Z - GET /
2025-02-13T09:42:50.860Z - GET /
2025-02-13T09:43:03.316Z - GET /
2025-02-13T09:43:20.884Z - GET /
2025-02-13T09:43:33.346Z - GET /
2025-02-13T09:43:50.912Z - GET /
2025-02-13T09:44:03.363Z - GET /
2025-02-13T09:44:20.916Z - GET /
2025-02-13T09:44:33.393Z - GET /
2025-02-13T09:44:50.940Z - GET /
2025-02-13T09:45:03.423Z - GET /
2025-02-13T09:45:20.957Z - GET /
2025-02-13T09:45:33.443Z - GET /
2025-02-13T09:45:42.152Z - GET /helpdesk/WebObjects/Helpdesk.woa
2025-02-13T09:45:50.987Z - GET /
2025-02-13T09:46:03.470Z - GET /
2025-02-13T09:46:21.016Z - GET /
2025-02-13T09:46:24.568Z - POST /hello.world?%ADd+allow_url_include%3d1+%ADd+auto_prepend_file%3dphp://input
2025-02-13T09:46:30.888Z - GET /vendor/phpunit/phpunit/src/Util/PHP/eval-stdin.php
2025-02-13T09:46:33.500Z - GET /
2025-02-13T09:46:41.220Z - GET /vendor/phpunit/phpunit/Util/PHP/eval-stdin.php
2025-02-13T09:46:47.039Z - GET /vendor/phpunit/src/Util/PHP/eval-stdin.php
2025-02-13T09:46:51.044Z - GET /
2025-02-13T09:46:54.840Z - GET /vendor/phpunit/Util/PHP/eval-stdin.php
2025-02-13T09:47:03.531Z - GET /
2025-02-13T09:47:05.578Z - GET /vendor/phpunit/phpunit/LICENSE/eval-stdin.php
2025-02-13T09:47:17.570Z - GET /vendor/vendor/phpunit/phpunit/src/Util/PHP/eval-stdin.php
2025-02-13T09:47:21.072Z - GET /
2025-02-13T09:47:25.878Z - GET /phpunit/phpunit/src/Util/PHP/eval-stdin.php
2025-02-13T09:47:33.095Z - GET /phpunit/phpunit/Util/PHP/eval-stdin.php
2025-02-13T09:47:33.541Z - GET /
2025-02-13T09:47:38.236Z - GET /phpunit/src/Util/PHP/eval-stdin.php
2025-02-13T09:47:44.559Z - GET /phpunit/Util/PHP/eval-stdin.php
2025-02-13T09:47:51.092Z - GET /
2025-02-13T09:47:56.291Z - GET /lib/phpunit/phpunit/src/Util/PHP/eval-stdin.php
2025-02-13T09:48:03.572Z - GET /
2025-02-13T09:48:09.417Z - GET /lib/phpunit/phpunit/Util/PHP/eval-stdin.php
2025-02-13T09:48:21.099Z - GET /lib/phpunit/src/Util/PHP/eval-stdin.php
2025-02-13T09:48:21.108Z - GET /
2025-02-13T09:48:32.133Z - GET /lib/phpunit/Util/PHP/eval-stdin.php
2025-02-13T09:48:33.603Z - GET /
2025-02-13T09:48:40.215Z - GET /lib/vendor/phpunit/phpunit/src/Util/PHP/eval-stdin.php
2025-02-13T09:48:48.154Z - GET /laravel/vendor/phpunit/phpunit/src/Util/PHP/eval-stdin.php
2025-02-13T09:48:51.139Z - GET /
2025-02-13T09:48:57.323Z - GET /
2025-02-13T09:48:57.607Z - GET /logon.htm
2025-02-13T09:49:00.904Z - GET /www/vendor/phpunit/phpunit/src/Util/PHP/eval-stdin.php
2025-02-13T09:49:03.603Z - GET /
2025-02-13T09:49:14.847Z - GET /ws/vendor/phpunit/phpunit/src/Util/PHP/eval-stdin.php
2025-02-13T09:49:21.169Z - GET /
2025-02-13T09:49:23.634Z - GET /yii/vendor/phpunit/phpunit/src/Util/PHP/eval-stdin.php
2025-02-13T09:49:31.902Z - GET /zend/vendor/phpunit/phpunit/src/Util/PHP/eval-stdin.php
2025-02-13T09:49:33.629Z - GET /
2025-02-13T09:49:41.632Z - GET /ws/ec/vendor/phpunit/phpunit/src/Util/PHP/eval-stdin.php
2025-02-13T09:49:51.013Z - GET /V2/vendor/phpunit/phpunit/src/Util/PHP/eval-stdin.php
2025-02-13T09:49:51.184Z - GET /
2025-02-13T09:49:59.823Z - GET /tests/vendor/phpunit/phpunit/src/Util/PHP/eval-stdin.php
2025-02-13T09:50:03.660Z - GET /
2025-02-13T09:50:11.094Z - GET /test/vendor/phpunit/phpunit/src/Util/PHP/eval-stdin.php
2025-02-13T09:50:19.798Z - GET /testing/vendor/phpunit/phpunit/src/Util/PHP/eval-stdin.php
2025-02-13T09:50:21.212Z - GET /
2025-02-13T09:50:27.817Z - GET /api/vendor/phpunit/phpunit/src/Util/PHP/eval-stdin.php
2025-02-13T09:50:33.681Z - GET /
2025-02-13T09:50:35.368Z - GET /demo/vendor/phpunit/phpunit/src/Util/PHP/eval-stdin.php
2025-02-13T09:50:46.032Z - GET /cms/vendor/phpunit/phpunit/src/Util/PHP/eval-stdin.php
2025-02-13T09:50:51.236Z - GET /
2025-02-13T09:50:51.242Z - GET /crm/vendor/phpunit/phpunit/src/Util/PHP/eval-stdin.php
2025-02-13T09:51:03.692Z - GET /
2025-02-13T09:51:03.917Z - GET /admin/vendor/phpunit/phpunit/src/Util/PHP/eval-stdin.php
2025-02-13T09:51:14.111Z - GET /backup/vendor/phpunit/phpunit/src/Util/PHP/eval-stdin.php
2025-02-13T09:51:20.799Z - GET /blog/vendor/phpunit/phpunit/src/Util/PHP/eval-stdin.php
2025-02-13T09:51:21.264Z - GET /
2025-02-13T09:51:27.511Z - GET /workspace/drupal/vendor/phpunit/phpunit/src/Util/PHP/eval-stdin.php
2025-02-13T09:51:33.705Z - GET /
2025-02-13T09:51:34.268Z - GET /panel/vendor/phpunit/phpunit/src/Util/PHP/eval-stdin.php
2025-02-13T09:51:43.028Z - GET /public/vendor/phpunit/phpunit/src/Util/PHP/eval-stdin.php
2025-02-13T09:51:51.169Z - GET /apps/vendor/phpunit/phpunit/src/Util/PHP/eval-stdin.php
2025-02-13T09:51:51.296Z - GET /
2025-02-13T09:51:58.804Z - GET /app/vendor/phpunit/phpunit/src/Util/PHP/eval-stdin.php
2025-02-13T09:52:03.713Z - GET /
2025-02-13T09:52:08.796Z - GET /index.php?s=/index/\think\app/invokefunction&function=call_user_func_array&vars[0]=md5&vars[1][]=Hello
2025-02-13T09:52:13.808Z - GET /public/index.php?s=/index/\think\app/invokefunction&function=call_user_func_array&vars[0]=md5&vars[1][]=Hello
2025-02-13T09:52:18.735Z - GET /index.php?lang=../../../../../../../../usr/local/lib/php/pearcmd&+config-create+/&/<?echo(md5("hi"));?>+/tmp/index1.php
2025-02-13T09:52:21.317Z - GET /
2025-02-13T09:52:22.484Z - GET /index.php?lang=../../../../../../../../tmp/index1
2025-02-13T09:52:26.989Z - GET /containers/json
2025-02-13T09:52:33.744Z - GET /
2025-02-13T09:52:51.347Z - GET /
2025-02-13T09:53:03.776Z - GET /
2025-02-13T09:53:21.350Z - GET /
2025-02-13T09:53:33.777Z - GET /
2025-02-13T09:53:51.381Z - GET /
2025-02-13T09:54:03.786Z - GET /
2025-02-13T09:54:21.409Z - GET /
2025-02-13T09:54:33.802Z - GET /
2025-02-13T09:54:51.413Z - GET /
2025-02-13T09:55:03.805Z - GET /
2025-02-13T09:55:21.422Z - GET /
2025-02-13T09:55:33.836Z - GET /
2025-02-13T09:55:51.448Z - GET /
2025-02-13T09:56:03.866Z - GET /
2025-02-13T09:56:18.155Z - GET /
2025-02-13T09:56:19.014Z - GET /
2025-02-13T09:56:21.457Z - GET /
2025-02-13T09:56:33.872Z - GET /
2025-02-13T09:56:51.485Z - GET /
2025-02-13T09:57:03.897Z - GET /
2025-02-13T09:57:21.512Z - GET /
2025-02-13T09:57:33.928Z - GET /
2025-02-13T09:57:51.542Z - GET /
2025-02-13T09:58:03.953Z - GET /
2025-02-13T09:58:21.569Z - GET /
2025-02-13T09:58:33.981Z - GET /
2025-02-13T09:58:51.574Z - GET /
2025-02-13T09:59:04.013Z - GET /
2025-02-13T09:59:21.603Z - GET /
2025-02-13T09:59:34.018Z - GET /
2025-02-13T09:59:51.608Z - GET /
2025-02-13T10:00:04.029Z - GET /
2025-02-13T10:00:21.639Z - GET /
2025-02-13T10:00:34.060Z - GET /
2025-02-13T10:00:51.667Z - GET /
2025-02-13T10:01:04.090Z - GET /
2025-02-13T10:01:21.697Z - GET /
2025-02-13T10:01:34.114Z - GET /
2025-02-13T10:01:51.726Z - GET /
2025-02-13T10:02:04.125Z - GET /
2025-02-13T10:02:21.749Z - GET /
2025-02-13T10:02:34.142Z - GET /
2025-02-13T10:02:51.755Z - GET /
2025-02-13T10:03:04.172Z - GET /
2025-02-13T10:03:21.784Z - GET /
2025-02-13T10:03:34.178Z - GET /
2025-02-13T10:03:51.805Z - GET /
2025-02-13T10:04:04.204Z - GET /
2025-02-13T10:04:21.837Z - GET /
2025-02-13T10:04:34.233Z - GET /
2025-02-13T10:04:51.856Z - GET /
2025-02-13T10:05:04.254Z - GET /
2025-02-13T10:05:21.886Z - GET /
2025-02-13T10:05:34.270Z - GET /
2025-02-13T10:05:51.892Z - GET /
2025-02-13T10:06:04.297Z - GET /
2025-02-13T10:06:21.920Z - GET /
2025-02-13T10:06:34.329Z - GET /
2025-02-13T10:06:51.952Z - GET /
2025-02-13T10:07:04.337Z - GET /
2025-02-13T10:07:21.980Z - GET /
2025-02-13T10:07:34.368Z - GET /
2025-02-13T10:07:52.010Z - GET /
2025-02-13T10:08:04.399Z - GET /
2025-02-13T10:08:22.041Z - GET /
2025-02-13T10:08:34.413Z - GET /
2025-02-13T10:08:52.056Z - GET /
2025-02-13T10:09:04.438Z - GET /
2025-02-13T10:09:22.087Z - GET /
2025-02-13T10:09:34.469Z - GET /
2025-02-13T10:09:52.113Z - GET /
2025-02-13T10:10:04.482Z - GET /
2025-02-13T10:10:22.138Z - GET /
2025-02-13T10:10:34.489Z - GET /
2025-02-13T10:10:52.169Z - GET /
2025-02-13T10:11:04.520Z - GET /
2025-02-13T10:11:22.197Z - GET /
2025-02-13T10:11:34.550Z - GET /
2025-02-13T10:11:52.200Z - GET /
2025-02-13T10:12:04.559Z - GET /
2025-02-13T10:12:22.216Z - GET /
2025-02-13T10:12:34.570Z - GET /
2025-02-13T10:12:52.221Z - GET /
2025-02-13T10:13:04.576Z - GET /
2025-02-13T10:13:16.456Z - GET /
2025-02-13T10:13:22.235Z - GET /
2025-02-13T10:13:34.605Z - GET /
2025-02-13T10:13:46.480Z - GET /
2025-02-13T10:13:52.244Z - GET /
2025-02-13T10:14:04.621Z - GET /
2025-02-13T10:14:16.508Z - GET /
2025-02-13T10:14:22.247Z - GET /
2025-02-13T10:14:34.621Z - GET /
2025-02-13T10:14:46.538Z - GET /
2025-02-13T10:14:52.251Z - GET /
2025-02-13T10:14:55.512Z - GET /
2025-02-13T10:14:57.530Z - GET /favicon.ico
2025-02-13T10:15:04.652Z - GET /
2025-02-13T10:15:16.539Z - GET /
2025-02-13T10:15:22.282Z - GET /
2025-02-13T10:15:34.683Z - GET /
2025-02-13T10:15:46.549Z - GET /
2025-02-13T10:15:52.307Z - GET /
2025-02-13T10:16:04.690Z - GET /
2025-02-13T10:16:16.578Z - GET /
2025-02-13T10:16:22.308Z - GET /
2025-02-13T10:16:34.706Z - GET /
2025-02-13T10:16:46.606Z - GET /
2025-02-13T10:16:52.324Z - GET /
2025-02-13T10:17:04.734Z - GET /
2025-02-13T10:17:16.633Z - GET /
2025-02-13T10:17:22.348Z - GET /
2025-02-13T10:17:34.764Z - GET /
2025-02-13T10:17:40.906Z - GET /
2025-02-13T10:17:46.650Z - GET /
2025-02-13T10:17:52.378Z - GET /
2025-02-13T10:18:04.794Z - GET /
2025-02-13T10:18:16.656Z - GET /
2025-02-13T10:18:22.400Z - GET /
2025-02-13T10:18:34.824Z - GET /
2025-02-13T10:18:46.685Z - GET /
2025-02-13T10:18:52.412Z - GET /
2025-02-13T10:19:04.849Z - GET /
2025-02-13T10:19:16.716Z - GET /
2025-02-13T10:19:22.422Z - GET /
2025-02-13T10:19:34.859Z - GET /
2025-02-13T10:19:46.745Z - GET /
2025-02-13T10:19:51.508Z - GET /
2025-02-13T10:19:52.436Z - GET /
2025-02-13T10:20:04.875Z - GET /
2025-02-13T10:20:16.753Z - GET /
2025-02-13T10:20:22.452Z - GET /
2025-02-13T10:20:31.225Z - GET /
2025-02-13T10:20:31.847Z - GET /favicon.ico
2025-02-13T10:20:34.905Z - GET /
2025-02-13T10:20:46.781Z - GET /
2025-02-13T10:20:52.477Z - GET /
2025-02-13T10:21:04.910Z - GET /
2025-02-13T10:21:16.811Z - GET /
2025-02-13T10:21:22.493Z - GET /
2025-02-13T10:21:34.939Z - GET /
2025-02-13T10:21:46.840Z - GET /
2025-02-13T10:21:52.523Z - GET /
2025-02-13T10:22:04.962Z - GET /
2025-02-13T10:22:16.869Z - GET /
2025-02-13T10:22:22.536Z - GET /
2025-02-13T10:22:34.983Z - GET /
2025-02-13T10:22:46.894Z - GET /
2025-02-13T10:22:52.564Z - GET /
2025-02-13T10:23:05.013Z - GET /
2025-02-13T10:23:16.912Z - GET /
2025-02-13T10:23:22.594Z - GET /
2025-02-13T10:23:35.043Z - GET /
2025-02-13T10:23:46.921Z - GET /
2025-02-13T10:23:52.600Z - GET /
2025-02-13T10:24:05.065Z - GET /
2025-02-13T10:24:16.934Z - GET /
2025-02-13T10:24:22.618Z - GET /
2025-02-13T10:24:22.637Z - GET /
2025-02-13T10:24:35.081Z - GET /
2025-02-13T10:24:46.962Z - GET /
2025-02-13T10:24:52.648Z - GET /
2025-02-13T10:25:05.111Z - GET /
2025-02-13T10:25:16.965Z - GET /
2025-02-13T10:25:22.677Z - GET /
2025-02-13T10:25:35.141Z - GET /
2025-02-13T10:25:46.972Z - GET /
2025-02-13T10:25:52.708Z - GET /
2025-02-13T10:26:05.158Z - GET /
2025-02-13T10:26:16.984Z - GET /
2025-02-13T10:26:22.729Z - GET /
2025-02-13T10:26:35.175Z - GET /
2025-02-13T10:26:47.003Z - GET /
2025-02-13T10:26:52.759Z - GET /
2025-02-13T10:27:05.183Z - GET /
2025-02-13T10:27:17.034Z - GET /
2025-02-13T10:27:22.788Z - GET /
2025-02-13T10:27:35.215Z - GET /
2025-02-13T10:27:47.063Z - GET /
2025-02-13T10:27:52.820Z - GET /
2025-02-13T10:28:05.242Z - GET /
2025-02-13T10:28:17.077Z - GET /
2025-02-13T10:28:35.261Z - GET /
2025-02-13T10:41:25.843Z - GET /
2025-02-13T10:41:44.569Z - GET /
2025-02-13T10:41:55.844Z - GET /
2025-02-13T10:42:14.583Z - GET /
2025-02-13T10:42:25.874Z - GET /
2025-02-13T10:42:44.597Z - GET /
2025-02-13T10:42:55.882Z - GET /
2025-02-13T10:43:14.613Z - GET /
2025-02-13T10:43:25.883Z - GET /
2025-02-13T10:43:44.616Z - GET /
2025-02-13T10:43:55.910Z - GET /
2025-02-13T10:44:14.637Z - GET /
2025-02-13T10:44:25.931Z - GET /
2025-02-13T10:44:44.667Z - GET /
2025-02-13T10:44:55.945Z - GET /
2025-02-13T10:45:14.681Z - GET /
2025-02-13T10:45:25.963Z - GET /
2025-02-13T10:45:44.702Z - GET /
2025-02-13T10:45:55.991Z - GET /
2025-02-13T10:46:14.717Z - GET /
2025-02-13T10:46:25.999Z - GET /
2025-02-13T10:46:44.725Z - GET /
2025-02-13T10:46:56.026Z - GET /
2025-02-13T10:47:14.753Z - GET /
2025-02-13T10:47:26.057Z - GET /
2025-02-13T10:47:44.761Z - GET /
2025-02-13T10:47:56.058Z - GET /
2025-02-13T10:48:14.792Z - GET /
2025-02-13T10:48:26.087Z - GET /
2025-02-13T10:48:44.817Z - GET /
2025-02-13T10:48:56.117Z - GET /
2025-02-13T10:49:14.849Z - GET /
2025-02-13T10:49:26.147Z - GET /
2025-02-13T10:49:44.861Z - GET /
2025-02-13T10:49:56.156Z - GET /
2025-02-13T10:50:14.882Z - GET /
2025-02-13T10:50:26.159Z - GET /
2025-02-13T10:50:44.910Z - GET /
2025-02-13T10:50:56.192Z - GET /
2025-02-13T10:51:14.927Z - GET /
2025-02-13T10:51:26.201Z - GET /
2025-02-13T10:51:44.942Z - GET /
2025-02-13T10:51:56.226Z - GET /
2025-02-13T10:52:14.970Z - GET /
2025-02-13T10:52:26.257Z - GET /
2025-02-13T10:52:44.997Z - GET /
2025-02-13T10:52:56.274Z - GET /
2025-02-13T10:53:15.009Z - GET /
2025-02-13T10:53:26.303Z - GET /
2025-02-13T10:53:45.037Z - GET /
2025-02-13T10:53:56.315Z - GET /
2025-02-13T10:54:15.053Z - GET /
2025-02-13T10:54:26.346Z - GET /
2025-02-13T10:54:45.073Z - GET /
2025-02-13T10:54:56.375Z - GET /
2025-02-13T10:55:15.105Z - GET /
2025-02-13T10:55:26.396Z - GET /
2025-02-13T10:55:45.111Z - GET /
2025-02-13T10:55:56.415Z - GET /
2025-02-13T10:56:15.140Z - GET /
2025-02-13T10:56:26.422Z - GET /
2025-02-13T10:56:45.161Z - GET /
2025-02-13T10:56:56.430Z - GET /
2025-02-13T10:57:15.191Z - GET /
2025-02-13T10:57:26.460Z - GET /
2025-02-13T10:57:39.260Z - GET /
2025-02-13T10:57:45.223Z - GET /
2025-02-13T10:57:56.466Z - GET /
2025-02-13T10:58:15.244Z - GET /
2025-02-13T10:58:26.496Z - GET /
2025-02-13T10:58:45.270Z - GET /
2025-02-13T10:58:56.503Z - GET /
2025-02-13T10:59:15.300Z - GET /
2025-02-13T10:59:26.526Z - GET /
2025-02-13T10:59:45.329Z - GET /
2025-02-13T10:59:56.535Z - GET /
2025-02-13T11:00:15.351Z - GET /
2025-02-13T11:00:26.546Z - GET /
2025-02-13T11:00:45.381Z - GET /
2025-02-13T11:00:56.567Z - GET /
2025-02-13T11:01:15.412Z - GET /
2025-02-13T11:01:26.595Z - GET /
2025-02-13T11:01:45.442Z - GET /
2025-02-13T11:01:56.624Z - GET /
2025-02-13T11:02:15.470Z - GET /
2025-02-13T11:02:26.653Z - GET /
2025-02-13T11:02:45.500Z - GET /
2025-02-13T11:02:56.686Z - GET /
2025-02-13T11:03:15.507Z - GET /
2025-02-13T11:03:26.717Z - GET /
2025-02-13T11:03:45.537Z - GET /
2025-02-13T11:03:56.730Z - GET /
2025-02-13T11:04:15.543Z - GET /
2025-02-13T11:04:26.742Z - GET /
2025-02-13T11:04:45.573Z - GET /
2025-02-13T11:04:56.773Z - GET /
2025-02-13T11:05:15.589Z - GET /
2025-02-13T11:05:26.804Z - GET /
2025-02-13T11:05:45.612Z - GET /
2025-02-13T11:05:56.808Z - GET /
2025-02-13T11:06:15.620Z - GET /
2025-02-13T11:06:26.841Z - GET /
2025-02-13T11:06:45.630Z - GET /
2025-02-13T11:06:56.863Z - GET /
2025-02-13T11:07:15.661Z - GET /
2025-02-13T11:07:26.874Z - GET /
2025-02-13T11:07:45.692Z - GET /
2025-02-13T11:07:56.878Z - GET /
2025-02-13T11:08:15.707Z - GET /
2025-02-13T11:08:17.359Z - GET /
2025-02-13T11:08:26.898Z - GET /
2025-02-13T11:08:45.734Z - GET /
2025-02-13T11:08:48.257Z - GET /
2025-02-13T11:08:56.934Z - GET /
2025-02-13T11:09:15.764Z - GET /
2025-02-13T11:09:26.965Z - GET /
2025-02-13T11:09:45.786Z - GET /
2025-02-13T11:09:56.996Z - GET /
2025-02-13T11:10:15.817Z - GET /
2025-02-13T11:10:27.028Z - GET /
2025-02-13T11:10:45.850Z - GET /
2025-02-13T11:10:57.039Z - GET /
2025-02-13T11:11:15.861Z - GET /
2025-02-13T11:11:27.069Z - GET /
2025-02-13T11:11:45.889Z - GET /
2025-02-13T11:11:57.094Z - GET /
2025-02-13T11:12:15.901Z - GET /
2025-02-13T11:12:27.124Z - GET /
2025-02-13T11:12:45.932Z - GET /
2025-02-13T11:12:57.138Z - GET /
2025-02-13T11:13:12.419Z - GET /
2025-02-13T11:13:15.937Z - GET /
2025-02-13T11:13:27.169Z - GET /
2025-02-13T11:13:45.966Z - GET /
2025-02-13T11:13:57.199Z - GET /
2025-02-13T11:14:15.996Z - GET /
2025-02-13T11:14:27.231Z - GET /
2025-02-13T11:14:46.022Z - GET /
2025-02-13T11:14:57.256Z - GET /
2025-02-13T11:15:16.052Z - GET /
2025-02-13T11:15:27.285Z - GET /
2025-02-13T11:15:46.083Z - GET /
2025-02-13T11:15:57.305Z - GET /
2025-02-13T11:16:16.101Z - GET /
2025-02-13T11:16:27.337Z - GET /
2025-02-13T11:16:46.129Z - GET /
2025-02-13T11:16:57.362Z - GET /
2025-02-13T11:17:16.148Z - GET /
2025-02-13T11:17:27.392Z - GET /
2025-02-13T11:17:46.177Z - GET /
2025-02-13T11:17:57.411Z - GET /
2025-02-13T11:18:16.181Z - GET /
2025-02-13T11:18:27.438Z - GET /
2025-02-13T11:18:46.183Z - GET /
2025-02-13T11:18:57.469Z - GET /
2025-02-13T11:19:16.213Z - GET /
2025-02-13T11:19:27.483Z - GET /
2025-02-13T11:19:46.237Z - GET /
2025-02-13T11:19:57.505Z - GET /
2025-02-13T11:20:16.268Z - GET /
2025-02-13T11:20:27.522Z - GET /
2025-02-13T11:20:46.299Z - GET /
2025-02-13T11:20:57.525Z - GET /
2025-02-13T11:21:16.327Z - GET /
2025-02-13T11:21:27.555Z - GET /
2025-02-13T11:21:46.358Z - GET /
2025-02-13T11:21:57.578Z - GET /
2025-02-13T11:22:16.387Z - GET /
2025-02-13T11:22:27.598Z - GET /
2025-02-13T11:22:46.410Z - GET /
2025-02-13T11:22:57.629Z - GET /
2025-02-13T11:23:16.442Z - GET /
2025-02-13T11:23:27.658Z - GET /
2025-02-13T11:23:46.472Z - GET /
2025-02-13T11:23:57.686Z - GET /
2025-02-13T11:24:16.503Z - GET /
2025-02-13T11:24:27.715Z - GET /
2025-02-13T11:24:46.522Z - GET /
2025-02-13T11:24:57.726Z - GET /
2025-02-13T11:25:16.529Z - GET /
2025-02-13T11:25:27.732Z - GET /
2025-02-13T11:25:46.016Z - GET /
2025-02-13T11:25:46.535Z - GET /
2025-02-13T11:25:57.762Z - GET /
2025-02-13T11:26:16.565Z - GET /
2025-02-13T11:26:27.792Z - GET /
2025-02-13T11:26:46.596Z - GET /
2025-02-13T11:26:57.818Z - GET /
2025-02-13T11:27:16.626Z - GET /
2025-02-13T11:27:27.842Z - GET /
2025-02-13T11:27:46.657Z - GET /
2025-02-13T11:27:47.606Z - GET /
2025-02-13T11:27:57.858Z - GET /
2025-02-13T11:28:16.686Z - GET /
2025-02-13T11:28:27.886Z - GET /
2025-02-13T11:28:46.717Z - GET /
2025-02-13T11:28:57.890Z - GET /
2025-02-13T11:29:16.746Z - GET /
2025-02-13T11:29:27.902Z - GET /
2025-02-13T11:29:46.778Z - GET /
2025-02-13T11:29:57.933Z - GET /
2025-02-13T11:30:16.797Z - GET /
2025-02-13T11:30:27.946Z - GET /
2025-02-13T11:30:46.810Z - GET /
2025-02-13T11:30:57.963Z - GET /
2025-02-13T11:31:16.837Z - GET /
2025-02-13T11:31:27.971Z - GET /
2025-02-13T11:31:46.861Z - GET /
2025-02-13T11:31:57.999Z - GET /
2025-02-13T11:32:16.890Z - GET /
2025-02-13T11:32:28.027Z - GET /
2025-02-13T11:32:46.920Z - GET /
2025-02-13T11:32:58.058Z - GET /
2025-02-13T11:33:16.929Z - GET /
2025-02-13T11:33:28.074Z - GET /
2025-02-13T11:33:46.956Z - GET /
2025-02-13T11:33:58.105Z - GET /
2025-02-13T11:34:16.987Z - GET /
2025-02-13T11:34:28.136Z - GET /
2025-02-13T11:34:47.017Z - GET /
2025-02-13T11:34:58.167Z - GET /
2025-02-13T11:35:17.025Z - GET /
2025-02-13T11:35:28.176Z - GET /
2025-02-13T11:35:47.046Z - GET /
2025-02-13T11:35:58.205Z - GET /
2025-02-13T11:36:17.074Z - GET /
2025-02-13T11:36:28.234Z - GET /
2025-02-13T11:36:47.101Z - GET /
2025-02-13T11:36:58.265Z - GET /
2025-02-13T11:37:17.104Z - GET /
2025-02-13T11:37:28.296Z - GET /
2025-02-13T11:37:47.134Z - GET /
2025-02-13T11:37:58.313Z - GET /
2025-02-13T11:38:17.153Z - GET /
2025-02-13T11:38:28.342Z - GET /
2025-02-13T11:38:47.181Z - GET /
2025-02-13T11:38:58.374Z - GET /
2025-02-13T11:39:17.206Z - GET /
2025-02-13T11:39:28.403Z - GET /
2025-02-13T11:39:47.230Z - GET /
2025-02-13T11:39:58.410Z - GET /
2025-02-13T11:40:17.261Z - GET /
2025-02-13T11:40:28.438Z - GET /
2025-02-13T11:40:47.277Z - GET /
2025-02-13T11:40:58.469Z - GET /
2025-02-13T11:41:17.308Z - GET /
2025-02-13T11:41:28.499Z - GET /
2025-02-13T11:41:47.329Z - GET /
2025-02-13T11:41:58.530Z - GET /
2025-02-13T11:42:17.360Z - GET /
2025-02-13T11:42:28.534Z - GET /
2025-02-13T11:42:47.377Z - GET /
2025-02-13T11:42:58.559Z - GET /
2025-02-13T11:43:17.401Z - GET /
2025-02-13T11:43:28.562Z - GET /
2025-02-13T11:43:47.407Z - GET /
2025-02-13T11:43:58.577Z - GET /
2025-02-13T11:44:17.438Z - GET /
2025-02-13T11:44:28.605Z - GET /
2025-02-13T11:44:47.449Z - GET /
2025-02-13T11:44:58.606Z - GET /
2025-02-13T11:45:17.455Z - GET /
2025-02-13T11:45:28.632Z - GET /
2025-02-13T11:45:47.481Z - GET /
2025-02-13T11:45:58.663Z - GET /
2025-02-13T11:46:17.511Z - GET /
2025-02-13T11:46:28.675Z - GET /
2025-02-13T11:46:47.542Z - GET /
2025-02-13T11:46:58.703Z - GET /
2025-02-13T11:47:17.561Z - GET /
2025-02-13T11:47:28.710Z - GET /
2025-02-13T11:47:47.578Z - GET /
2025-02-13T11:47:58.741Z - GET /
2025-02-13T11:48:17.606Z - GET /
2025-02-13T11:48:28.754Z - GET /
2025-02-13T11:48:47.621Z - GET /
2025-02-13T11:48:58.783Z - GET /
2025-02-13T11:49:17.633Z - GET /
2025-02-13T11:49:28.813Z - GET /
2025-02-13T11:49:47.637Z - GET /
2025-02-13T11:49:58.825Z - GET /
2025-02-13T11:50:17.641Z - GET /
2025-02-13T11:50:28.845Z - GET /
2025-02-13T11:50:47.672Z - GET /
2025-02-13T11:50:58.858Z - GET /
2025-02-13T11:51:17.689Z - GET /
2025-02-13T11:51:28.878Z - GET /
2025-02-13T11:51:47.701Z - GET /
2025-02-13T11:51:58.909Z - GET /
2025-02-13T11:52:17.729Z - GET /
2025-02-13T11:52:28.939Z - GET /
2025-02-13T11:52:47.759Z - GET /
2025-02-13T11:52:58.969Z - GET /
2025-02-13T11:53:17.770Z - GET /
2025-02-13T11:53:29.001Z - GET /
2025-02-13T11:53:47.800Z - GET /
2025-02-13T11:53:59.030Z - GET /
2025-02-13T11:54:17.817Z - GET /
2025-02-13T11:54:29.057Z - GET /
2025-02-13T11:54:47.822Z - GET /
2025-02-13T11:54:59.076Z - GET /
2025-02-13T11:55:17.833Z - GET /
2025-02-13T11:55:29.098Z - GET /
2025-02-13T11:55:47.855Z - GET /
2025-02-13T11:55:59.122Z - GET /
2025-02-13T11:56:17.874Z - GET /
2025-02-13T11:56:29.138Z - GET /
2025-02-13T11:56:47.889Z - GET /
2025-02-13T11:56:59.155Z - GET /
2025-02-13T11:57:17.918Z - GET /
2025-02-13T11:57:29.185Z - GET /
2025-02-13T11:57:47.931Z - GET /
2025-02-13T11:57:59.209Z - GET /
2025-02-13T11:58:17.942Z - GET /
2025-02-13T11:58:29.238Z - GET /
2025-02-13T11:58:47.974Z - GET /
2025-02-13T11:58:59.255Z - GET /
2025-02-13T11:59:18.004Z - GET /
2025-02-13T11:59:29.286Z - GET /
2025-02-13T11:59:48.034Z - GET /
2025-02-13T11:59:59.303Z - GET /
2025-02-13T12:00:18.040Z - GET /
2025-02-13T12:00:29.319Z - GET /
2025-02-13T12:00:48.069Z - GET /
2025-02-13T12:00:59.346Z - GET /
2025-02-13T12:01:18.099Z - GET /
2025-02-13T12:01:29.362Z - GET /
2025-02-13T12:01:48.109Z - GET /
2025-02-13T12:01:59.394Z - GET /
2025-02-13T12:02:18.135Z - GET /
2025-02-13T12:02:29.424Z - GET /
2025-02-13T12:02:48.166Z - GET /
2025-02-13T12:02:59.455Z - GET /
2025-02-13T12:03:18.175Z - GET /
2025-02-13T12:03:29.482Z - GET /
2025-02-13T12:03:48.205Z - GET /
2025-02-13T12:03:59.510Z - GET /
2025-02-13T12:04:18.232Z - GET /
2025-02-13T12:04:29.514Z - GET /
2025-02-13T12:04:48.235Z - GET /
2025-02-13T12:04:59.518Z - GET /
2025-02-13T12:05:18.262Z - GET /
2025-02-13T12:05:29.527Z - GET /
2025-02-13T12:05:48.273Z - GET /
2025-02-13T12:05:59.538Z - GET /
2025-02-13T12:06:18.297Z - GET /
2025-02-13T12:06:29.566Z - GET /
2025-02-13T12:06:48.318Z - GET /
2025-02-13T12:06:59.597Z - GET /
2025-02-13T12:07:18.348Z - GET /
2025-02-13T12:07:29.618Z - GET /
2025-02-13T12:07:48.381Z - GET /
2025-02-13T12:07:59.646Z - GET /
2025-02-13T12:08:18.411Z - GET /
2025-02-13T12:08:29.658Z - GET /
2025-02-13T12:08:48.439Z - GET /
2025-02-13T12:08:59.667Z - GET /
2025-02-13T12:09:18.445Z - GET /
2025-02-13T12:09:29.677Z - GET /
2025-02-13T12:09:48.454Z - GET /
2025-02-13T12:09:59.707Z - GET /
2025-02-13T12:10:18.482Z - GET /
2025-02-13T12:10:29.738Z - GET /
2025-02-13T12:10:48.513Z - GET /
2025-02-13T12:10:59.769Z - GET /
2025-02-13T12:11:18.518Z - GET /
2025-02-13T12:11:29.798Z - GET /
2025-02-13T12:11:48.553Z - GET /
2025-02-13T12:11:59.813Z - GET /
2025-02-13T12:12:18.577Z - GET /
2025-02-13T12:12:29.843Z - GET /
2025-02-13T12:12:48.589Z - GET /
2025-02-13T12:12:59.869Z - GET /
2025-02-13T12:13:18.617Z - GET /
2025-02-13T12:13:29.878Z - GET /
2025-02-13T12:13:48.648Z - GET /
2025-02-13T12:13:59.899Z - GET /
2025-02-13T12:14:18.674Z - GET /
2025-02-13T12:14:29.906Z - GET /
2025-02-13T12:14:48.691Z - GET /
2025-02-13T12:14:59.926Z - GET /
2025-02-13T12:15:18.712Z - GET /
2025-02-13T12:15:29.957Z - GET /
2025-02-13T12:15:48.742Z - GET /
2025-02-13T12:15:59.988Z - GET /
2025-02-13T12:16:18.770Z - GET /
2025-02-13T12:16:30.018Z - GET /
2025-02-13T12:16:48.801Z - GET /
2025-02-13T12:17:00.065Z - GET /
2025-02-13T12:17:18.815Z - GET /
2025-02-13T12:17:30.091Z - GET /
2025-02-13T12:17:48.846Z - GET /
2025-02-13T12:18:00.117Z - GET /
2025-02-13T12:18:18.876Z - GET /
2025-02-13T12:18:30.130Z - GET /
2025-02-13T12:18:48.898Z - GET /
2025-02-13T12:19:00.161Z - GET /
2025-02-13T12:19:18.925Z - GET /
2025-02-13T12:19:30.172Z - GET /
2025-02-13T12:19:48.945Z - GET /
2025-02-13T12:20:00.187Z - GET /
2025-02-13T12:20:18.976Z - GET /
2025-02-13T12:20:30.190Z - GET /
2025-02-13T12:20:49.007Z - GET /
2025-02-13T12:21:00.216Z - GET /
2025-02-13T12:21:19.017Z - GET /
2025-02-13T12:21:30.245Z - GET /
2025-02-13T12:21:49.047Z - GET /
2025-02-13T12:22:00.268Z - GET /
2025-02-13T12:22:07.610Z - HEAD /Core/Skin/Login.aspx
2025-02-13T12:22:19.077Z - GET /
2025-02-13T12:22:30.300Z - GET /
2025-02-13T12:22:49.097Z - GET /
2025-02-13T12:23:00.306Z - GET /
2025-02-13T12:23:19.111Z - GET /
2025-02-13T12:23:30.311Z - GET /
2025-02-13T12:23:49.142Z - GET /
2025-02-13T12:24:00.314Z - GET /
2025-02-13T12:24:19.144Z - GET /
2025-02-13T12:24:30.340Z - GET /
2025-02-13T12:24:49.175Z - GET /
2025-02-13T12:25:00.370Z - GET /
2025-02-13T12:25:19.206Z - GET /
2025-02-13T12:25:30.400Z - GET /
2025-02-13T12:25:49.236Z - GET /
2025-02-13T12:26:00.410Z - GET /
2025-02-13T12:26:19.267Z - GET /
2025-02-13T12:26:30.415Z - GET /
2025-02-13T12:26:49.297Z - GET /
2025-02-13T12:27:00.446Z - GET /
2025-02-13T12:27:19.328Z - GET /
2025-02-13T12:27:30.466Z - GET /
2025-02-13T12:27:49.359Z - GET /
2025-02-13T12:28:00.495Z - GET /
2025-02-13T12:28:19.389Z - GET /
2025-02-13T12:28:30.525Z - GET /
2025-02-13T12:28:49.410Z - GET /
2025-02-13T12:29:00.532Z - GET /
2025-02-13T12:29:19.419Z - GET /
2025-02-13T12:29:30.556Z - GET /
2025-02-13T12:29:49.433Z - GET /
2025-02-13T12:30:00.579Z - GET /
2025-02-13T12:30:19.460Z - GET /
2025-02-13T12:30:30.609Z - GET /
2025-02-13T12:30:49.487Z - GET /
2025-02-13T12:31:00.618Z - GET /
2025-02-13T12:31:19.505Z - GET /
2025-02-13T12:31:30.648Z - GET /
2025-02-13T12:31:49.534Z - GET /
2025-02-13T12:32:00.667Z - GET /
2025-02-13T12:32:19.543Z - GET /
2025-02-13T12:32:30.690Z - GET /
2025-02-13T12:32:49.555Z - GET /
2025-02-13T12:33:00.720Z - GET /
2025-02-13T12:33:19.569Z - GET /
2025-02-13T12:33:30.746Z - GET /
2025-02-13T12:33:49.577Z - GET /
2025-02-13T12:34:00.763Z - GET /
2025-02-13T12:34:19.593Z - GET /
2025-02-13T12:34:24.710Z - GET /
2025-02-13T12:34:27.360Z - GET /favicon.ico
2025-02-13T12:34:30.788Z - GET /
2025-02-13T12:34:49.613Z - GET /
2025-02-13T12:35:00.819Z - GET /
2025-02-13T12:35:19.641Z - GET /
2025-02-13T12:35:30.847Z - GET /
2025-02-13T12:35:49.672Z - GET /
2025-02-13T12:36:00.876Z - GET /
2025-02-13T12:36:19.703Z - GET /
2025-02-13T12:36:30.910Z - GET /
2025-02-13T12:36:49.733Z - GET /
2025-02-13T12:37:00.938Z - GET /
2025-02-13T12:37:19.763Z - GET /
2025-02-13T12:37:30.942Z - GET /
2025-02-13T12:37:49.780Z - GET /
2025-02-13T12:38:00.961Z - GET /
2025-02-13T12:38:19.809Z - GET /
2025-02-13T12:38:30.982Z - GET /
2025-02-13T12:38:49.821Z - GET /
2025-02-13T12:39:01.006Z - GET /
2025-02-13T12:39:19.841Z - GET /
2025-02-13T12:39:31.019Z - GET /
2025-02-13T12:39:49.861Z - GET /
2025-02-13T12:40:01.047Z - GET /
2025-02-13T12:40:19.891Z - GET /
2025-02-13T12:40:31.074Z - GET /
2025-02-13T12:40:49.909Z - GET /
2025-02-13T12:41:01.102Z - GET /
2025-02-13T12:41:19.940Z - GET /
2025-02-13T12:41:31.131Z - GET /
2025-02-13T12:41:49.969Z - GET /
2025-02-13T12:42:01.162Z - GET /
2025-02-13T12:42:19.998Z - GET /
2025-02-13T12:42:31.178Z - GET /
2025-02-13T12:42:50.006Z - GET /
2025-02-13T12:43:01.182Z - GET /
2025-02-13T12:43:20.033Z - GET /
2025-02-13T12:43:31.183Z - GET /
2025-02-13T12:43:50.034Z - GET /
2025-02-13T12:44:01.209Z - GET /
2025-02-13T12:44:20.063Z - GET /
2025-02-13T12:44:31.232Z - GET /
2025-02-13T12:44:50.093Z - GET /
2025-02-13T12:45:01.271Z - GET /
2025-02-13T12:45:20.118Z - GET /
2025-02-13T12:45:31.289Z - GET /
2025-02-13T12:45:50.137Z - GET /
2025-02-13T12:46:01.294Z - GET /
2025-02-13T12:46:20.168Z - GET /
2025-02-13T12:46:31.325Z - GET /
2025-02-13T12:46:50.190Z - GET /
2025-02-13T12:47:01.356Z - GET /
2025-02-13T12:47:20.221Z - GET /
2025-02-13T12:47:31.376Z - GET /
2025-02-13T12:47:50.225Z - GET /
2025-02-13T12:48:01.401Z - GET /
2025-02-13T12:48:20.255Z - GET /
2025-02-13T12:48:31.410Z - GET /
2025-02-13T12:48:50.262Z - GET /
2025-02-13T12:49:01.440Z - GET /
2025-02-13T12:49:20.287Z - GET /
2025-02-13T12:49:31.463Z - GET /
2025-02-13T12:49:50.317Z - GET /
2025-02-13T12:50:01.470Z - GET /
2025-02-13T12:50:20.321Z - GET /
2025-02-13T12:50:31.499Z - GET /
2025-02-13T12:50:50.329Z - GET /
2025-02-13T12:51:01.523Z - GET /
2025-02-13T12:51:20.337Z - GET /
2025-02-13T12:51:31.549Z - GET /
2025-02-13T12:51:50.366Z - GET /
2025-02-13T12:52:01.582Z - GET /
2025-02-13T12:52:20.397Z - GET /
2025-02-13T12:52:31.585Z - GET /
2025-02-13T12:52:50.427Z - GET /
2025-02-13T12:53:01.600Z - GET /
2025-02-13T12:53:20.458Z - GET /
2025-02-13T12:53:31.603Z - GET /
2025-02-13T12:53:50.471Z - GET /
2025-02-13T12:54:01.633Z - GET /
2025-02-13T12:54:20.501Z - GET /
2025-02-13T12:54:31.664Z - GET /
2025-02-13T12:54:50.532Z - GET /
2025-02-13T12:55:01.673Z - GET /
2025-02-13T12:55:20.562Z - GET /
2025-02-13T12:55:31.705Z - GET /
2025-02-13T12:55:50.592Z - GET /
2025-02-13T12:56:01.729Z - GET /
2025-02-13T12:56:20.624Z - GET /
2025-02-13T12:56:31.760Z - GET /
2025-02-13T12:56:50.655Z - GET /
2025-02-13T12:57:01.791Z - GET /
2025-02-13T12:57:20.687Z - GET /
2025-02-13T12:57:31.794Z - GET /
2025-02-13T12:57:50.698Z - GET /
2025-02-13T12:58:01.807Z - GET /
2025-02-13T12:58:20.708Z - GET /
2025-02-13T12:58:31.826Z - GET /
2025-02-13T12:58:50.711Z - GET /
2025-02-13T12:59:01.836Z - GET /
2025-02-13T12:59:20.734Z - GET /
2025-02-13T12:59:31.864Z - GET /
2025-02-13T12:59:50.747Z - GET /
2025-02-13T13:00:01.896Z - GET /
2025-02-13T13:00:20.747Z - GET /
2025-02-13T13:00:31.909Z - GET /
2025-02-13T13:00:50.778Z - GET /
2025-02-13T13:01:01.922Z - GET /
2025-02-13T13:01:20.806Z - GET /
2025-02-13T13:01:31.939Z - GET /
2025-02-13T13:01:50.825Z - GET /
2025-02-13T13:02:01.969Z - GET /
2025-02-13T13:02:20.843Z - GET /
2025-02-13T13:02:31.999Z - GET /
2025-02-13T13:02:50.875Z - GET /
2025-02-13T13:03:02.012Z - GET /
2025-02-13T13:03:20.887Z - GET /
2025-02-13T13:03:32.041Z - GET /
2025-02-13T13:03:50.916Z - GET /
2025-02-13T13:04:02.070Z - GET /
2025-02-13T13:04:20.948Z - GET /
2025-02-13T13:04:32.091Z - GET /
2025-02-13T13:04:50.958Z - GET /
2025-02-13T13:05:02.116Z - GET /
2025-02-13T13:05:20.983Z - GET /
2025-02-13T13:05:32.147Z - GET /
2025-02-13T13:05:51.014Z - GET /
2025-02-13T13:06:02.175Z - GET /
2025-02-13T13:06:21.044Z - GET /
2025-02-13T13:06:32.200Z - GET /
2025-02-13T13:06:51.058Z - GET /
2025-02-13T13:07:02.218Z - GET /
2025-02-13T13:07:21.058Z - GET /
2025-02-13T13:07:32.231Z - GET /
2025-02-13T13:07:51.089Z - GET /
2025-02-13T13:08:02.237Z - GET /
2025-02-13T13:08:21.096Z - GET /
2025-02-13T13:08:32.269Z - GET /
2025-02-13T13:08:51.126Z - GET /
2025-02-13T13:09:02.301Z - GET /
2025-02-13T13:09:21.154Z - GET /
2025-02-13T13:09:32.331Z - GET /
2025-02-13T13:09:51.181Z - GET /
2025-02-13T13:10:02.343Z - GET /
2025-02-13T13:10:21.212Z - GET /
2025-02-13T13:10:32.361Z - GET /
2025-02-13T13:10:51.243Z - GET /
2025-02-13T13:11:02.391Z - GET /
2025-02-13T13:11:21.266Z - GET /
2025-02-13T13:11:32.398Z - GET /
2025-02-13T13:11:51.293Z - GET /
2025-02-13T13:12:02.429Z - GET /
2025-02-13T13:12:21.324Z - GET /
2025-02-13T13:12:32.435Z - GET /
2025-02-13T13:12:51.334Z - GET /
2025-02-13T13:13:02.450Z - GET /
2025-02-13T13:13:21.347Z - GET /
2025-02-13T13:13:32.480Z - GET /
2025-02-13T13:13:51.361Z - GET /
2025-02-13T13:14:02.512Z - GET /
2025-02-13T13:14:21.389Z - GET /
2025-02-13T13:14:32.542Z - GET /
2025-02-13T13:14:51.394Z - GET /
2025-02-13T13:15:02.573Z - GET /
2025-02-13T13:15:21.425Z - GET /
2025-02-13T13:15:32.580Z - GET /
2025-02-13T13:15:51.456Z - GET /
2025-02-13T13:16:02.614Z - GET /
2025-02-13T13:16:21.486Z - GET /
2025-02-13T13:16:32.643Z - GET /
2025-02-13T13:16:51.513Z - GET /
2025-02-13T13:17:02.674Z - GET /
2025-02-13T13:17:21.526Z - GET /
2025-02-13T13:17:23.620Z - GET /
2025-02-13T13:17:32.687Z - GET /
2025-02-13T13:17:51.552Z - GET /
2025-02-13T13:18:02.699Z - GET /
2025-02-13T13:18:21.567Z - GET /
2025-02-13T13:18:32.716Z - GET /
2025-02-13T13:18:51.597Z - GET /
2025-02-13T13:19:02.743Z - GET /
2025-02-13T13:19:21.621Z - GET /
2025-02-13T13:19:32.759Z - GET /
2025-02-13T13:19:51.654Z - GET /
2025-02-13T13:20:02.791Z - GET /
2025-02-13T13:20:12.740Z - GET /favicon.ico
2025-02-13T13:20:21.682Z - GET /
2025-02-13T13:20:32.821Z - GET /
2025-02-13T13:20:41.581Z - GET /geoserver/web/
2025-02-13T13:20:51.713Z - GET /
2025-02-13T13:21:02.837Z - GET /
2025-02-13T13:21:21.744Z - GET /
2025-02-13T13:21:32.867Z - GET /
2025-02-13T13:21:51.750Z - GET /
2025-02-13T13:22:02.894Z - GET /
2025-02-13T13:22:21.763Z - GET /
2025-02-13T13:22:32.925Z - GET /
2025-02-13T13:22:51.793Z - GET /
2025-02-13T13:23:02.951Z - GET /
2025-02-13T13:23:21.822Z - GET /
2025-02-13T13:23:32.982Z - GET /
2025-02-13T13:23:51.833Z - GET /
2025-02-13T13:24:03.014Z - GET /
2025-02-13T13:24:21.858Z - GET /
2025-02-13T13:24:33.042Z - GET /
2025-02-13T13:24:51.882Z - GET /
2025-02-13T13:25:03.070Z - GET /
2025-02-13T13:25:21.886Z - GET /
2025-02-13T13:25:33.101Z - GET /
2025-02-13T13:25:51.914Z - GET /
2025-02-13T13:26:03.132Z - GET /
2025-02-13T13:26:21.944Z - GET /
2025-02-13T13:26:33.140Z - GET /
2025-02-13T13:26:51.953Z - GET /
2025-02-13T13:27:03.170Z - GET /
2025-02-13T13:27:21.970Z - GET /
2025-02-13T13:27:33.177Z - GET /
2025-02-13T13:27:51.977Z - GET /
2025-02-13T13:28:03.206Z - GET /
2025-02-13T13:28:22.006Z - GET /
2025-02-13T13:28:33.235Z - GET /
2025-02-13T13:28:52.035Z - GET /
2025-02-13T13:29:03.238Z - GET /
2025-02-13T13:29:22.064Z - GET /
2025-02-13T13:29:33.266Z - GET /
2025-02-13T13:29:52.085Z - GET /
2025-02-13T13:30:03.276Z - GET /
2025-02-13T13:30:22.097Z - GET /
2025-02-13T13:30:33.281Z - GET /
2025-02-13T13:30:52.109Z - GET /
2025-02-13T13:31:03.311Z - GET /
2025-02-13T13:31:22.140Z - GET /
2025-02-13T13:31:33.330Z - GET /
2025-02-13T13:31:52.169Z - GET /
2025-02-13T13:32:03.361Z - GET /
2025-02-13T13:32:22.179Z - GET /
2025-02-13T13:32:33.374Z - GET /
2025-02-13T13:32:52.192Z - GET /
2025-02-13T13:33:03.382Z - GET /
2025-02-13T13:33:22.206Z - GET /
2025-02-13T13:33:33.400Z - GET /
2025-02-13T13:33:52.213Z - GET /
2025-02-13T13:34:03.431Z - GET /
2025-02-13T13:34:22.241Z - GET /
2025-02-13T13:34:33.462Z - GET /
2025-02-13T13:34:52.274Z - GET /
2025-02-13T13:35:03.494Z - GET /
2025-02-13T13:35:22.299Z - GET /
2025-02-13T13:35:33.518Z - GET /
2025-02-13T13:35:52.330Z - GET /
2025-02-13T13:36:03.540Z - GET /
2025-02-13T13:36:22.341Z - GET /
2025-02-13T13:36:33.572Z - GET /
2025-02-13T13:36:52.369Z - GET /
2025-02-13T13:37:03.602Z - GET /
2025-02-13T13:37:22.370Z - GET /
2025-02-13T13:37:33.622Z - GET /
2025-02-13T13:37:52.382Z - GET /
2025-02-13T13:38:03.643Z - GET /
2025-02-13T13:38:22.407Z - GET /
2025-02-13T13:38:33.671Z - GET /
2025-02-13T13:38:52.438Z - GET /
2025-02-13T13:39:03.702Z - GET /
2025-02-13T13:39:22.469Z - GET /
2025-02-13T13:39:33.736Z - GET /
2025-02-13T13:39:52.500Z - GET /
2025-02-13T13:40:03.767Z - GET /
2025-02-13T13:40:22.530Z - GET /
2025-02-13T13:40:33.773Z - GET /
2025-02-13T13:40:52.558Z - GET /
2025-02-13T13:41:03.797Z - GET /
2025-02-13T13:41:22.578Z - GET /
2025-02-13T13:41:33.828Z - GET /
2025-02-13T13:41:52.605Z - GET /
2025-02-13T13:42:03.224Z - GET /
2025-02-13T13:42:03.858Z - GET /
2025-02-13T13:42:07.017Z - GET /cgi-bin/luci/;stok=/locale
2025-02-13T13:42:22.635Z - GET /
2025-02-13T13:42:33.874Z - GET /
2025-02-13T13:42:52.662Z - GET /
2025-02-13T13:43:03.898Z - GET /
2025-02-13T13:43:22.694Z - GET /
2025-02-13T13:43:33.906Z - GET /
2025-02-13T13:43:52.702Z - GET /
2025-02-13T13:44:03.934Z - GET /
2025-02-13T13:44:22.729Z - GET /
2025-02-13T13:44:33.958Z - GET /
2025-02-13T13:44:52.752Z - GET /
2025-02-13T13:45:03.984Z - GET /
2025-02-13T13:45:22.783Z - GET /
2025-02-13T13:45:34.013Z - GET /
2025-02-13T13:45:52.786Z - GET /
2025-02-13T13:46:04.020Z - GET /
2025-02-13T13:46:22.803Z - GET /
2025-02-13T13:46:34.037Z - GET /
2025-02-13T13:46:52.825Z - GET /
2025-02-13T13:47:04.038Z - GET /
2025-02-13T13:47:22.829Z - GET /
2025-02-13T13:47:34.069Z - GET /
2025-02-13T13:47:52.840Z - GET /
2025-02-13T13:48:04.100Z - GET /
2025-02-13T13:48:22.878Z - GET /
2025-02-13T13:48:34.130Z - GET /
2025-02-13T13:48:52.893Z - GET /
2025-02-13T13:49:04.161Z - GET /
2025-02-13T13:49:22.913Z - GET /
2025-02-13T13:49:34.191Z - GET /
2025-02-13T13:49:52.944Z - GET /
2025-02-13T13:50:04.217Z - GET /
2025-02-13T13:50:22.974Z - GET /
2025-02-13T13:50:34.247Z - GET /
2025-02-13T13:50:52.993Z - GET /
2025-02-13T13:51:04.277Z - GET /
2025-02-13T13:51:23.025Z - GET /
2025-02-13T13:51:34.308Z - GET /
2025-02-13T13:51:53.053Z - GET /
2025-02-13T13:52:04.324Z - GET /
2025-02-13T13:52:23.059Z - GET /
2025-02-13T13:52:34.347Z - GET /
2025-02-13T13:52:53.081Z - GET /
2025-02-13T13:53:04.376Z - GET /
2025-02-13T13:53:23.112Z - GET /
2025-02-13T13:53:34.408Z - GET /
2025-02-13T13:53:53.141Z - GET /
2025-02-13T13:54:04.438Z - GET /
2025-02-13T13:54:23.169Z - GET /
2025-02-13T13:54:34.468Z - GET /
2025-02-13T13:54:53.201Z - GET /
2025-02-13T13:55:04.500Z - GET /
2025-02-13T13:55:23.228Z - GET /
2025-02-13T13:55:34.530Z - GET /
2025-02-13T13:55:53.246Z - GET /
2025-02-13T13:56:04.561Z - GET /
2025-02-13T13:56:23.278Z - GET /
2025-02-13T13:56:34.592Z - GET /
2025-02-13T13:56:53.308Z - GET /
2025-02-13T13:57:04.598Z - GET /
2025-02-13T13:57:23.317Z - GET /
2025-02-13T13:57:34.617Z - GET /
2025-02-13T13:57:53.349Z - GET /
2025-02-13T13:58:04.630Z - GET /
2025-02-13T13:58:23.377Z - GET /
2025-02-13T13:58:34.661Z - GET /
2025-02-13T13:58:53.408Z - GET /
2025-02-13T13:59:04.664Z - GET /
2025-02-13T13:59:23.419Z - GET /
2025-02-13T13:59:34.695Z - GET /
2025-02-13T13:59:53.452Z - GET /
2025-02-13T14:00:04.710Z - GET /
2025-02-13T14:00:23.467Z - GET /
2025-02-13T14:00:34.722Z - GET /
2025-02-13T14:00:53.494Z - GET /
2025-02-13T14:01:04.753Z - GET /
2025-02-13T14:01:23.524Z - GET /
2025-02-13T14:01:34.770Z - GET /
2025-02-13T14:01:53.553Z - GET /
2025-02-13T14:02:04.789Z - GET /
2025-02-13T14:02:23.569Z - GET /
2025-02-13T14:02:34.792Z - GET /
2025-02-13T14:02:53.589Z - GET /
2025-02-13T14:03:04.818Z - GET /
2025-02-13T14:03:23.604Z - GET /
2025-02-13T14:03:34.848Z - GET /
2025-02-13T14:03:53.635Z - GET /
2025-02-13T14:04:04.879Z - GET /
2025-02-13T14:04:23.665Z - GET /
2025-02-13T14:04:34.911Z - GET /
2025-02-13T14:04:53.694Z - GET /
2025-02-13T14:05:04.941Z - GET /
2025-02-13T14:05:23.694Z - GET /
2025-02-13T14:05:34.973Z - GET /
2025-02-13T14:05:53.723Z - GET /
2025-02-13T14:06:05.000Z - GET /
2025-02-13T14:06:23.753Z - GET /
2025-02-13T14:06:35.002Z - GET /
2025-02-13T14:06:53.757Z - GET /
2025-02-13T14:07:05.025Z - GET /
2025-02-13T14:07:23.788Z - GET /
2025-02-13T14:07:35.057Z - GET /
2025-02-13T14:07:53.818Z - GET /
2025-02-13T14:08:05.088Z - GET /
2025-02-13T14:08:23.845Z - GET /
2025-02-13T14:08:35.101Z - GET /
2025-02-13T14:08:53.876Z - GET /
2025-02-13T14:09:05.130Z - GET /
2025-02-13T14:09:23.903Z - GET /
2025-02-13T14:09:35.131Z - GET /
2025-02-13T14:09:53.937Z - GET /
2025-02-13T14:10:05.139Z - GET /
2025-02-13T14:10:23.967Z - GET /
2025-02-13T14:10:35.150Z - GET /
2025-02-13T14:10:53.999Z - GET /
2025-02-13T14:11:05.162Z - GET /
2025-02-13T14:11:24.029Z - GET /
2025-02-13T14:11:35.171Z - GET /
2025-02-13T14:11:54.039Z - GET /
2025-02-13T14:12:05.198Z - GET /
2025-02-13T14:12:24.066Z - GET /
2025-02-13T14:12:35.213Z - GET /
2025-02-13T14:12:54.097Z - GET /
2025-02-13T14:13:05.222Z - GET /
2025-02-13T14:13:24.099Z - GET /
2025-02-13T14:13:35.255Z - GET /
2025-02-13T14:13:54.101Z - GET /
2025-02-13T14:14:05.275Z - GET /
2025-02-13T14:14:24.132Z - GET /
2025-02-13T14:14:35.305Z - GET /
2025-02-13T14:14:54.157Z - GET /
2025-02-13T14:15:05.306Z - GET /
2025-02-13T14:15:24.185Z - GET /
2025-02-13T14:15:35.337Z - GET /
2025-02-13T14:15:54.216Z - GET /
2025-02-13T14:16:05.363Z - GET /
2025-02-13T14:16:24.245Z - GET /
2025-02-13T14:16:32.089Z - GET /
2025-02-13T14:16:35.377Z - GET /
2025-02-13T14:16:54.261Z - GET /
2025-02-13T14:17:05.391Z - GET /
2025-02-13T14:17:24.292Z - GET /
2025-02-13T14:17:35.412Z - GET /
2025-02-13T14:17:54.323Z - GET /
2025-02-13T14:18:05.436Z - GET /
2025-02-13T14:18:24.352Z - GET /
2025-02-13T14:18:35.454Z - GET /
2025-02-13T14:18:54.379Z - GET /
2025-02-13T14:19:05.485Z - GET /
2025-02-13T14:19:24.397Z - GET /
2025-02-13T14:19:35.511Z - GET /
2025-02-13T14:19:54.426Z - GET /
2025-02-13T14:20:05.542Z - GET /
2025-02-13T14:20:24.457Z - GET /
2025-02-13T14:20:35.573Z - GET /
2025-02-13T14:20:54.487Z - GET /
2025-02-13T14:21:05.578Z - GET /
2025-02-13T14:21:24.516Z - GET /
2025-02-13T14:21:35.602Z - GET /
2025-02-13T14:21:54.537Z - GET /
2025-02-13T14:22:05.631Z - GET /
2025-02-13T14:22:24.566Z - GET /
2025-02-13T14:22:35.654Z - GET /
2025-02-13T14:22:54.581Z - GET /
2025-02-13T14:23:05.670Z - GET /
2025-02-13T14:23:12.366Z - GET /public/.env
2025-02-13T14:23:13.477Z - GET /infophp.php
2025-02-13T14:23:14.767Z - GET /test.php
2025-02-13T14:23:15.341Z - GET /asdf.php
2025-02-13T14:23:18.703Z - GET /phpversion.php
2025-02-13T14:23:19.624Z - GET /temp.php
2025-02-13T14:23:22.581Z - GET /infos.php
2025-02-13T14:23:24.597Z - GET /
2025-02-13T14:23:25.566Z - GET /php-info.php
2025-02-13T14:23:27.434Z - GET /phpinfo.php3
2025-02-13T14:23:28.639Z - GET /phpinfo.php5
2025-02-13T14:23:33.441Z - GET /_profiler/phpinfo.php
2025-02-13T14:23:35.401Z - GET /beta/.env
2025-02-13T14:23:35.701Z - GET /
2025-02-13T14:23:36.160Z - GET /admin/.env
2025-02-13T14:23:40.675Z - GET /api/.env
2025-02-13T14:23:43.208Z - GET /.docker/.env
2025-02-13T14:23:44.714Z - GET /.vscode/.env
2025-02-13T14:23:47.937Z - GET /app/.env
2025-02-13T14:23:52.362Z - GET /backend/.env
2025-02-13T14:23:54.607Z - GET /
2025-02-13T14:23:56.417Z - GET /application/.env
2025-02-13T14:24:00.287Z - GET /live_env
2025-02-13T14:24:00.948Z - GET /mailer/.env
2025-02-13T14:24:03.385Z - GET /shared/.env
2025-02-13T14:24:05.711Z - GET /
2025-02-13T14:24:08.725Z - GET /apps/.env
2025-02-13T14:24:10.062Z - GET /public/client/planinfo
2025-02-13T14:24:15.010Z - GET /phpinfo.php
2025-02-13T14:24:16.728Z - GET /aws.yml
2025-02-13T14:24:17.885Z - GET /.env.config
2025-02-13T14:24:21.491Z - GET /.env-example
2025-02-13T14:24:22.558Z - GET /.env.backup
2025-02-13T14:24:24.637Z - GET /
2025-02-13T14:24:24.945Z - GET /.env.dev.local
2025-02-13T14:24:29.582Z - GET /.env.development.sample
2025-02-13T14:24:32.820Z - GET /.env.docker
2025-02-13T14:24:35.264Z - GET /.env.example
2025-02-13T14:24:35.738Z - GET /
2025-02-13T14:24:36.291Z - GET /.env.prod
2025-02-13T14:24:37.741Z - GET /.env.production
2025-02-13T14:24:39.645Z - GET /.env.sample
2025-02-13T14:24:41.510Z - GET /.env.stage
2025-02-13T14:24:43.247Z - GET /.envrc
2025-02-13T14:24:44.653Z - GET /.env~
2025-02-13T14:24:46.473Z - GET /symfony/_profiler/phpinfo
2025-02-13T14:24:47.929Z - GET /.remote
2025-02-13T14:24:49.223Z - GET /.production
2025-02-13T14:24:51.046Z - GET /?pp=enable&pp=env
2025-02-13T14:24:53.249Z - GET /.aws/config
2025-02-13T14:24:54.075Z - GET /config.js
2025-02-13T14:24:54.665Z - GET /
2025-02-13T14:24:55.410Z - GET /config/config.json
2025-02-13T14:24:59.390Z - GET /wp-config.php
2025-02-13T14:25:01.331Z - GET /wp-config.php.old
2025-02-13T14:25:04.518Z - GET /.vscode/settings.json
2025-02-13T14:25:05.766Z - GET /
2025-02-13T14:25:06.648Z - GET /sftp-config.json
2025-02-13T14:25:07.582Z - GET /prevlaravel/sftp-config.json
2025-02-13T14:25:24.682Z - GET /
2025-02-13T14:25:35.798Z - GET /
2025-02-13T14:25:54.714Z - GET /
2025-02-13T14:26:05.799Z - GET /
2025-02-13T14:26:24.716Z - GET /
2025-02-13T14:26:35.830Z - GET /
2025-02-13T14:26:54.718Z - GET /
2025-02-13T14:27:05.836Z - GET /
2025-02-13T14:27:24.750Z - GET /
2025-02-13T14:27:35.868Z - GET /
2025-02-13T14:27:54.781Z - GET /
2025-02-13T14:28:05.899Z - GET /
2025-02-13T14:28:24.811Z - GET /
2025-02-13T14:28:35.926Z - GET /
2025-02-13T14:28:54.841Z - GET /
2025-02-13T14:29:05.946Z - GET /
2025-02-13T14:29:24.851Z - GET /
2025-02-13T14:29:35.966Z - GET /
2025-02-13T14:29:54.869Z - GET /
2025-02-13T14:30:05.974Z - GET /
2025-02-13T14:30:24.901Z - GET /
2025-02-13T14:30:36.005Z - GET /
2025-02-13T14:30:54.922Z - GET /
2025-02-13T14:31:06.014Z - GET /
2025-02-13T14:31:24.931Z - GET /
2025-02-13T14:31:36.047Z - GET /
2025-02-13T14:31:54.949Z - GET /
2025-02-13T14:32:06.062Z - GET /
2025-02-13T14:32:24.980Z - GET /
2025-02-13T14:32:36.093Z - GET /
2025-02-13T14:32:55.010Z - GET /
2025-02-13T14:33:06.125Z - GET /
2025-02-13T14:33:25.041Z - GET /
2025-02-13T14:33:36.143Z - GET /
2025-02-13T14:33:55.072Z - GET /
2025-02-13T14:34:06.159Z - GET /
2025-02-13T14:34:25.076Z - GET /
2025-02-13T14:34:36.183Z - GET /
2025-02-13T14:34:55.106Z - GET /
2025-02-13T14:35:06.214Z - GET /
2025-02-13T14:35:25.109Z - GET /
2025-02-13T14:35:36.242Z - GET /
2025-02-13T14:35:55.133Z - GET /
2025-02-13T14:36:06.258Z - GET /
2025-02-13T14:36:25.145Z - GET /
2025-02-13T14:36:36.288Z - GET /
2025-02-13T14:36:55.158Z - GET /
2025-02-13T14:37:06.317Z - GET /
2025-02-13T14:37:25.189Z - GET /
2025-02-13T14:37:36.346Z - GET /
2025-02-13T14:37:55.219Z - GET /
2025-02-13T14:38:06.381Z - GET /
2025-02-13T14:38:25.250Z - GET /
2025-02-13T14:38:36.392Z - GET /
2025-02-13T14:38:55.281Z - GET /
2025-02-13T14:39:06.417Z - GET /
2025-02-13T14:39:25.308Z - GET /
2025-02-13T14:39:36.438Z - GET /
2025-02-13T14:39:55.335Z - GET /
2025-02-13T14:40:06.466Z - GET /
2025-02-13T14:40:25.365Z - GET /
2025-02-13T14:40:36.497Z - GET /
2025-02-13T14:40:55.397Z - GET /
2025-02-13T14:41:06.521Z - GET /
2025-02-13T14:41:25.421Z - GET /
2025-02-13T14:41:36.551Z - GET /
2025-02-13T14:41:55.445Z - GET /
2025-02-13T14:42:06.566Z - GET /
2025-02-13T14:42:25.475Z - GET /
2025-02-13T14:42:36.585Z - GET /
2025-02-13T14:42:55.506Z - GET /
2025-02-13T14:43:06.605Z - GET /
2025-02-13T14:43:25.537Z - GET /
2025-02-13T14:43:36.617Z - GET /
2025-02-13T14:43:55.545Z - GET /
2025-02-13T14:44:06.631Z - GET /
2025-02-13T14:44:14.729Z - GET /
2025-02-13T14:44:25.576Z - GET /
2025-02-13T14:44:36.658Z - GET /
2025-02-13T14:44:55.600Z - GET /
2025-02-13T14:45:06.687Z - GET /
2025-02-13T14:45:25.629Z - GET /
2025-02-13T14:45:36.687Z - GET /
2025-02-13T14:45:55.630Z - GET /
2025-02-13T14:46:06.708Z - GET /
2025-02-13T14:46:25.658Z - GET /
2025-02-13T14:46:36.731Z - GET /
2025-02-13T14:46:55.688Z - GET /
2025-02-13T14:47:06.746Z - GET /
2025-02-13T14:47:25.697Z - GET /
2025-02-13T14:47:36.760Z - GET /
2025-02-13T14:47:55.728Z - GET /
2025-02-13T14:48:06.790Z - GET /
2025-02-13T14:48:25.740Z - GET /
2025-02-13T14:48:36.822Z - GET /
2025-02-13T14:48:55.767Z - GET /
2025-02-13T14:49:06.847Z - GET /
2025-02-13T14:49:25.798Z - GET /
2025-02-13T14:49:36.872Z - GET /
2025-02-13T14:49:55.817Z - GET /
2025-02-13T14:50:06.903Z - GET /
2025-02-13T14:50:25.839Z - GET /
2025-02-13T14:50:36.912Z - GET /
2025-02-13T14:50:55.845Z - GET /
2025-02-13T14:51:06.930Z - GET /
2025-02-13T14:51:25.874Z - GET /
2025-02-13T14:51:36.960Z - GET /
2025-02-13T14:51:55.905Z - GET /
2025-02-13T14:52:06.994Z - GET /
2025-02-13T14:52:25.933Z - GET /
2025-02-13T14:52:37.025Z - GET /
2025-02-13T14:52:55.961Z - GET /
2025-02-13T14:53:07.055Z - GET /
2025-02-13T14:53:25.989Z - GET /
2025-02-13T14:53:37.085Z - GET /
2025-02-13T14:53:56.024Z - GET /
2025-02-13T14:54:07.116Z - GET /
2025-02-13T14:54:26.041Z - GET /
2025-02-13T14:54:37.139Z - GET /
2025-02-13T14:54:56.056Z - GET /
2025-02-13T14:55:07.168Z - GET /
2025-02-13T14:55:26.089Z - GET /
2025-02-13T14:55:37.183Z - GET /
2025-02-13T14:55:56.106Z - GET /
2025-02-13T14:56:07.187Z - GET /
2025-02-13T14:56:26.119Z - GET /
2025-02-13T14:56:37.207Z - GET /
2025-02-13T14:56:56.149Z - GET /
2025-02-13T14:57:07.230Z - GET /
2025-02-13T14:57:26.179Z - GET /
2025-02-13T14:57:37.261Z - GET /
2025-02-13T14:57:56.209Z - GET /
2025-02-13T14:58:07.291Z - GET /
2025-02-13T14:58:26.237Z - GET /
2025-02-13T14:58:37.313Z - GET /
2025-02-13T14:58:56.257Z - GET /
2025-02-13T14:59:07.324Z - GET /
2025-02-13T14:59:26.261Z - GET /
2025-02-13T14:59:37.336Z - GET /
2025-02-13T14:59:56.277Z - GET /
2025-02-13T15:00:07.346Z - GET /
2025-02-13T15:00:26.307Z - GET /
2025-02-13T15:00:37.369Z - GET /
2025-02-13T15:00:56.330Z - GET /
2025-02-13T15:01:07.401Z - GET /
2025-02-13T15:01:26.353Z - GET /
2025-02-13T15:01:37.430Z - GET /
2025-02-13T15:01:56.367Z - GET /
2025-02-13T15:02:07.443Z - GET /
2025-02-13T15:02:26.377Z - GET /
2025-02-13T15:02:37.474Z - GET /
2025-02-13T15:02:56.392Z - GET /
2025-02-13T15:03:07.503Z - GET /
2025-02-13T15:03:26.400Z - GET /
2025-02-13T15:03:37.527Z - GET /
2025-02-13T15:03:56.405Z - GET /
2025-02-13T15:04:07.557Z - GET /
2025-02-13T15:04:26.417Z - GET /
2025-02-13T15:04:37.582Z - GET /
2025-02-13T15:04:56.440Z - GET /
2025-02-13T15:05:07.613Z - GET /
2025-02-13T15:05:26.445Z - GET /
2025-02-13T15:05:37.613Z - GET /
2025-02-13T15:05:56.475Z - GET /
2025-02-13T15:06:07.634Z - GET /
2025-02-13T15:06:26.491Z - GET /
2025-02-13T15:06:37.665Z - GET /
2025-02-13T15:06:56.521Z - GET /
2025-02-13T15:07:07.694Z - GET /
2025-02-13T15:07:26.552Z - GET /
2025-02-13T15:07:37.711Z - GET /
2025-02-13T15:07:56.565Z - GET /
2025-02-13T15:08:07.727Z - GET /
2025-02-13T15:08:26.596Z - GET /
2025-02-13T15:08:37.754Z - GET /
2025-02-13T15:08:56.617Z - GET /
2025-02-13T15:09:07.781Z - GET /
2025-02-13T15:09:26.645Z - GET /
2025-02-13T15:09:37.811Z - GET /
2025-02-13T15:09:56.673Z - GET /
2025-02-13T15:10:07.819Z - GET /
2025-02-13T15:10:26.680Z - GET /
2025-02-13T15:10:37.847Z - GET /
2025-02-13T15:10:56.703Z - GET /
2025-02-13T15:11:07.882Z - GET /
2025-02-13T15:11:26.733Z - GET /
2025-02-13T15:11:37.898Z - GET /
2025-02-13T15:11:56.764Z - GET /
2025-02-13T15:12:07.930Z - GET /
2025-02-13T15:12:26.796Z - GET /
2025-02-13T15:12:37.933Z - GET /
2025-02-13T15:12:56.816Z - GET /
2025-02-13T15:13:07.964Z - GET /
2025-02-13T15:13:26.845Z - GET /
2025-02-13T15:13:37.994Z - GET /
2025-02-13T15:13:56.875Z - GET /
2025-02-13T15:14:08.006Z - GET /
2025-02-13T15:14:26.906Z - GET /
2025-02-13T15:14:38.038Z - GET /
2025-02-13T15:14:56.935Z - GET /
2025-02-13T15:15:08.051Z - GET /
2025-02-13T15:15:26.948Z - GET /
2025-02-13T15:15:38.079Z - GET /
2025-02-13T15:15:56.969Z - GET /
2025-02-13T15:16:08.090Z - GET /
2025-02-13T15:16:26.997Z - GET /
2025-02-13T15:16:38.119Z - GET /
2025-02-13T15:16:57.028Z - GET /
2025-02-13T15:17:08.139Z - GET /
2025-02-13T15:17:27.045Z - GET /
2025-02-13T15:17:38.161Z - GET /
2025-02-13T15:17:57.069Z - GET /
2025-02-13T15:18:08.192Z - GET /
2025-02-13T15:18:27.098Z - GET /
2025-02-13T15:18:38.224Z - GET /
2025-02-13T15:18:57.125Z - GET /
2025-02-13T15:19:08.253Z - GET /
2025-02-13T15:19:27.130Z - GET /
2025-02-13T15:19:38.260Z - GET /
2025-02-13T15:19:57.159Z - GET /
2025-02-13T15:20:08.263Z - GET /
2025-02-13T15:20:27.178Z - GET /
2025-02-13T15:20:38.273Z - GET /
2025-02-13T15:20:57.208Z - GET /
2025-02-13T15:21:08.285Z - GET /
2025-02-13T15:21:27.239Z - GET /
2025-02-13T15:21:38.309Z - GET /
2025-02-13T15:21:57.266Z - GET /
2025-02-13T15:22:08.310Z - GET /
2025-02-13T15:22:27.285Z - GET /
2025-02-13T15:22:38.329Z - GET /
2025-02-13T15:22:57.308Z - GET /
2025-02-13T15:23:08.354Z - GET /
2025-02-13T15:23:27.326Z - GET /
2025-02-13T15:23:38.372Z - GET /
2025-02-13T15:23:57.327Z - GET /
2025-02-13T15:24:08.402Z - GET /
2025-02-13T15:24:27.357Z - GET /
2025-02-13T15:24:38.432Z - GET /
2025-02-13T15:24:57.388Z - GET /
2025-02-13T15:25:08.460Z - GET /
2025-02-13T15:25:27.405Z - GET /
2025-02-13T15:25:38.483Z - GET /
2025-02-13T15:25:57.423Z - GET /
2025-02-13T15:26:08.499Z - GET /
2025-02-13T15:26:27.425Z - GET /
2025-02-13T15:26:38.530Z - GET /
2025-02-13T15:26:57.456Z - GET /
2025-02-13T15:27:08.561Z - GET /
2025-02-13T15:27:27.471Z - GET /
2025-02-13T15:27:38.591Z - GET /
2025-02-13T15:27:57.502Z - GET /
2025-02-13T15:28:08.606Z - GET /
2025-02-13T15:28:27.517Z - GET /
2025-02-13T15:28:38.638Z - GET /
2025-02-13T15:28:57.549Z - GET /
2025-02-13T15:29:08.666Z - GET /
2025-02-13T15:29:27.577Z - GET /
2025-02-13T15:29:38.672Z - GET /
2025-02-13T15:29:57.581Z - GET /
2025-02-13T15:30:08.702Z - GET /
2025-02-13T15:30:27.611Z - GET /
2025-02-13T15:30:38.735Z - GET /
2025-02-13T15:30:53.261Z - GET /
2025-02-13T15:30:57.641Z - GET /
2025-02-13T15:31:08.765Z - GET /
2025-02-13T15:31:27.671Z - GET /
2025-02-13T15:31:38.794Z - GET /
2025-02-13T15:31:57.701Z - GET /
2025-02-13T15:32:08.822Z - GET /
2025-02-13T15:32:27.732Z - GET /
2025-02-13T15:32:38.828Z - GET /
2025-02-13T15:32:57.764Z - GET /
2025-02-13T15:33:08.844Z - GET /
2025-02-13T15:33:27.783Z - GET /
2025-02-13T15:33:38.876Z - GET /
2025-02-13T15:33:57.792Z - GET /
2025-02-13T15:34:08.905Z - GET /
2025-02-13T15:34:27.821Z - GET /
2025-02-13T15:34:38.910Z - GET /
2025-02-13T15:34:57.834Z - GET /
2025-02-13T15:35:08.938Z - GET /
2025-02-13T15:35:27.865Z - GET /
2025-02-13T15:35:38.958Z - GET /
2025-02-13T15:35:57.893Z - GET /
2025-02-13T15:36:08.972Z - GET /
2025-02-13T15:36:27.919Z - GET /
2025-02-13T15:36:38.989Z - GET /
2025-02-13T15:36:57.950Z - GET /
2025-02-13T15:37:09.020Z - GET /
2025-02-13T15:37:27.982Z - GET /
2025-02-13T15:37:39.049Z - GET /
2025-02-13T15:37:58.013Z - GET /
2025-02-13T15:38:09.058Z - GET /
2025-02-13T15:38:28.041Z - GET /
2025-02-13T15:38:39.093Z - GET /
2025-02-13T15:38:58.049Z - GET /
2025-02-13T15:39:09.122Z - GET /
2025-02-13T15:39:28.077Z - GET /
2025-02-13T15:39:39.144Z - GET /
2025-02-13T15:39:58.097Z - GET /
2025-02-13T15:40:09.172Z - GET /
2025-02-13T15:40:28.128Z - GET /
2025-02-13T15:40:39.202Z - GET /
2025-02-13T15:40:58.150Z - GET /
2025-02-13T15:41:09.220Z - GET /
2025-02-13T15:41:28.181Z - GET /
2025-02-13T15:41:39.251Z - GET /
2025-02-13T15:41:58.210Z - GET /
2025-02-13T15:42:09.257Z - GET /
2025-02-13T15:42:28.231Z - GET /
2025-02-13T15:42:39.289Z - GET /
2025-02-13T15:42:58.241Z - GET /
2025-02-13T15:43:09.318Z - GET /
2025-02-13T15:43:28.270Z - GET /
2025-02-13T15:43:39.335Z - GET /
2025-02-13T15:43:58.285Z - GET /
2025-02-13T15:44:09.341Z - GET /
2025-02-13T15:44:28.291Z - GET /
2025-02-13T15:44:39.368Z - GET /
2025-02-13T15:44:58.320Z - GET /
2025-02-13T15:45:09.399Z - GET /
2025-02-13T15:45:28.350Z - GET /
2025-02-13T15:45:39.430Z - GET /
2025-02-13T15:45:58.380Z - GET /
2025-02-13T15:46:09.444Z - GET /
2025-02-13T15:46:28.407Z - GET /
2025-02-13T15:46:39.457Z - GET /
2025-02-13T15:46:58.436Z - GET /
2025-02-13T15:47:09.486Z - GET /
2025-02-13T15:47:28.445Z - GET /
2025-02-13T15:47:39.516Z - GET /
2025-02-13T15:47:58.449Z - GET /
2025-02-13T15:48:09.548Z - GET /
2025-02-13T15:48:28.479Z - GET /
2025-02-13T15:48:39.579Z - GET /
2025-02-13T15:48:58.490Z - GET /
2025-02-13T15:49:09.586Z - GET /
2025-02-13T15:49:28.494Z - GET /
2025-02-13T15:49:39.616Z - GET /
2025-02-13T15:49:58.525Z - GET /
2025-02-13T15:50:09.646Z - GET /
2025-02-13T15:50:28.553Z - GET /
2025-02-13T15:50:39.678Z - GET /
2025-02-13T15:50:58.581Z - GET /
2025-02-13T15:51:09.706Z - GET /
2025-02-13T15:51:28.601Z - GET /
2025-02-13T15:51:39.734Z - GET /
2025-02-13T15:51:58.632Z - GET /
2025-02-13T15:52:09.765Z - GET /
2025-02-13T15:52:28.658Z - GET /
2025-02-13T15:52:39.788Z - GET /
2025-02-13T15:52:58.682Z - GET /
2025-02-13T15:53:09.818Z - GET /
2025-02-13T15:53:28.720Z - GET /
2025-02-13T15:53:39.846Z - GET /
2025-02-13T15:53:58.745Z - GET /
2025-02-13T15:54:09.856Z - GET /
2025-02-13T15:54:11.120Z - GET /
2025-02-13T15:54:28.753Z - GET /
2025-02-13T15:54:39.885Z - GET /
2025-02-13T15:54:58.781Z - GET /
2025-02-13T15:55:09.916Z - GET /
2025-02-13T15:55:28.813Z - GET /
2025-02-13T15:55:39.948Z - GET /
2025-02-13T15:55:58.842Z - GET /
2025-02-13T15:56:09.978Z - GET /
2025-02-13T15:56:28.866Z - GET /
2025-02-13T15:56:40.002Z - GET /
2025-02-13T15:56:58.895Z - GET /
2025-02-13T15:57:10.033Z - GET /
2025-02-13T15:57:28.905Z - GET /
2025-02-13T15:57:40.059Z - GET /
2025-02-13T15:57:58.936Z - GET /
2025-02-13T15:58:10.090Z - GET /
2025-02-13T15:58:28.942Z - GET /
2025-02-13T15:58:40.095Z - GET /
2025-02-13T15:58:58.972Z - GET /
2025-02-13T15:59:10.113Z - GET /
2025-02-13T15:59:28.991Z - GET /
2025-02-13T15:59:40.126Z - GET /
2025-02-13T15:59:55.118Z - GET /
2025-02-13T15:59:59.007Z - GET /
2025-02-13T16:00:10.157Z - GET /
2025-02-13T16:00:29.025Z - GET /
2025-02-13T16:00:40.182Z - GET /
2025-02-13T16:00:59.052Z - GET /
2025-02-13T16:01:10.212Z - GET /
2025-02-13T16:01:29.073Z - GET /
2025-02-13T16:01:40.231Z - GET /
2025-02-13T16:01:59.103Z - GET /
2025-02-13T16:02:10.248Z - GET /
2025-02-13T16:02:29.113Z - GET /
2025-02-13T16:02:40.275Z - GET /
2025-02-13T16:02:59.121Z - GET /
2025-02-13T16:03:10.282Z - GET /
2025-02-13T16:03:29.141Z - GET /
2025-02-13T16:03:40.285Z - GET /
2025-02-13T16:03:59.143Z - GET /
2025-02-13T16:04:10.309Z - GET /
2025-02-13T16:04:29.169Z - GET /
2025-02-13T16:04:40.323Z - GET /
2025-02-13T16:04:59.200Z - GET /
2025-02-13T16:05:10.357Z - GET /
2025-02-13T16:05:29.209Z - GET /
2025-02-13T16:05:40.385Z - GET /
2025-02-13T16:05:59.226Z - GET /
2025-02-13T16:06:10.400Z - GET /
2025-02-13T16:06:29.262Z - GET /
2025-02-13T16:06:40.402Z - GET /
2025-02-13T16:06:59.288Z - GET /
2025-02-13T16:07:10.429Z - GET /
2025-02-13T16:07:29.293Z - GET /
2025-02-13T16:07:40.460Z - GET /
2025-02-13T16:07:59.315Z - GET /
2025-02-13T16:08:10.473Z - GET /
2025-02-13T16:08:29.337Z - GET /
2025-02-13T16:08:40.477Z - GET /
2025-02-13T16:08:59.342Z - GET /
2025-02-13T16:09:10.509Z - GET /
2025-02-13T16:09:29.349Z - GET /
2025-02-13T16:09:40.538Z - GET /
2025-02-13T16:09:59.357Z - GET /
2025-02-13T16:10:10.565Z - GET /
2025-02-13T16:10:29.388Z - GET /
2025-02-13T16:10:40.593Z - GET /
2025-02-13T16:10:59.422Z - GET /
2025-02-13T16:11:10.622Z - GET /
2025-02-13T16:11:29.449Z - GET /
2025-02-13T16:11:40.652Z - GET /
2025-02-13T16:11:59.479Z - GET /
2025-02-13T16:12:10.658Z - GET /
2025-02-13T16:12:29.509Z - GET /
2025-02-13T16:12:40.686Z - GET /
2025-02-13T16:12:59.522Z - GET /
2025-02-13T16:13:10.712Z - GET /
2025-02-13T16:13:29.551Z - GET /
2025-02-13T16:13:40.723Z - GET /
2025-02-13T16:13:59.563Z - GET /
2025-02-13T16:14:10.754Z - GET /
2025-02-13T16:14:29.589Z - GET /
2025-02-13T16:14:40.762Z - GET /
2025-02-13T16:14:59.619Z - GET /
2025-02-13T16:15:10.766Z - GET /
2025-02-13T16:15:14.698Z - GET /favicon.ico
2025-02-13T16:15:29.633Z - GET /
2025-02-13T16:15:40.786Z - GET /
2025-02-13T16:15:59.664Z - GET /
2025-02-13T16:16:10.817Z - GET /
2025-02-13T16:16:29.695Z - GET /
2025-02-13T16:16:40.839Z - GET /
2025-02-13T16:16:59.725Z - GET /
2025-02-13T16:17:10.866Z - GET /
2025-02-13T16:17:29.729Z - GET /
2025-02-13T16:17:40.877Z - GET /
2025-02-13T16:17:59.745Z - GET /
2025-02-13T16:18:10.910Z - GET /
2025-02-13T16:18:29.773Z - GET /
2025-02-13T16:18:40.915Z - GET /
2025-02-13T16:18:59.791Z - GET /
2025-02-13T16:19:10.945Z - GET /
2025-02-13T16:19:29.805Z - GET /
2025-02-13T16:19:40.954Z - GET /
2025-02-13T16:19:59.833Z - GET /
2025-02-13T16:20:10.982Z - GET /
2025-02-13T16:20:29.850Z - GET /
2025-02-13T16:20:40.987Z - GET /
2025-02-13T16:20:59.881Z - GET /
2025-02-13T16:21:11.007Z - GET /
2025-02-13T16:21:29.902Z - GET /
2025-02-13T16:21:41.025Z - GET /
2025-02-13T16:21:59.933Z - GET /
2025-02-13T16:22:11.028Z - GET /
2025-02-13T16:22:29.962Z - GET /
2025-02-13T16:22:41.057Z - GET /
2025-02-13T16:22:59.987Z - GET /
2025-02-13T16:23:11.091Z - GET /
2025-02-13T16:23:30.018Z - GET /
2025-02-13T16:23:41.101Z - GET /
2025-02-13T16:24:00.055Z - GET /
2025-02-13T16:24:11.123Z - GET /
2025-02-13T16:24:30.066Z - GET /
2025-02-13T16:24:41.154Z - GET /
2025-02-13T16:25:00.101Z - GET /
2025-02-13T16:25:11.185Z - GET /
2025-02-13T16:25:30.100Z - GET /
2025-02-13T16:25:41.193Z - GET /
2025-02-13T16:26:00.130Z - GET /
2025-02-13T16:26:11.223Z - GET /
2025-02-13T16:26:30.157Z - GET /
2025-02-13T16:26:41.239Z - GET /
2025-02-13T16:27:00.188Z - GET /
2025-02-13T16:27:11.248Z - GET /
2025-02-13T16:27:30.218Z - GET /
2025-02-13T16:27:41.270Z - GET /
2025-02-13T16:28:00.225Z - GET /
2025-02-13T16:28:11.272Z - GET /
2025-02-13T16:28:30.228Z - GET /
2025-02-13T16:28:41.304Z - GET /
2025-02-13T16:29:00.258Z - GET /
2025-02-13T16:29:11.334Z - GET /
2025-02-13T16:29:30.287Z - GET /
2025-02-13T16:29:41.362Z - GET /
2025-02-13T16:30:00.318Z - GET /
2025-02-13T16:30:11.378Z - GET /
2025-02-13T16:30:30.348Z - GET /
2025-02-13T16:30:41.401Z - GET /
2025-02-13T16:30:53.816Z - GET /
2025-02-13T16:31:00.380Z - GET /
2025-02-13T16:31:11.431Z - GET /
2025-02-13T16:31:30.410Z - GET /
2025-02-13T16:31:41.459Z - GET /
2025-02-13T16:32:00.441Z - GET /
2025-02-13T16:32:11.490Z - GET /
2025-02-13T16:32:30.454Z - GET /
2025-02-13T16:32:41.490Z - GET /
2025-02-13T16:33:00.482Z - GET /
2025-02-13T16:33:11.500Z - GET /
2025-02-13T16:33:30.486Z - GET /
2025-02-13T16:33:41.530Z - GET /
2025-02-13T16:34:00.493Z - GET /
2025-02-13T16:34:11.549Z - GET /
2025-02-13T16:34:30.524Z - GET /
2025-02-13T16:34:41.581Z - GET /
2025-02-13T16:35:00.554Z - GET /
2025-02-13T16:35:11.584Z - GET /
2025-02-13T16:35:30.581Z - GET /
2025-02-13T16:35:41.601Z - GET /
2025-02-13T16:36:00.597Z - GET /
2025-02-13T16:36:11.604Z - GET /
2025-02-13T16:36:30.628Z - GET /
2025-02-13T16:36:41.610Z - GET /
2025-02-13T16:37:00.633Z - GET /
2025-02-13T16:37:11.632Z - GET /
2025-02-13T16:37:30.662Z - GET /
2025-02-13T16:37:41.664Z - GET /
2025-02-13T16:38:00.693Z - GET /
2025-02-13T16:38:11.680Z - GET /
2025-02-13T16:38:30.705Z - GET /
2025-02-13T16:38:41.682Z - GET /
2025-02-13T16:39:00.736Z - GET /
2025-02-13T16:39:11.713Z - GET /
2025-02-13T16:39:30.766Z - GET /
2025-02-13T16:39:41.745Z - GET /
2025-02-13T16:40:00.797Z - GET /
2025-02-13T16:40:11.771Z - GET /
2025-02-13T16:40:30.828Z - GET /
2025-02-13T16:40:41.798Z - GET /
2025-02-13T16:41:00.849Z - GET /
2025-02-13T16:41:11.829Z - GET /
2025-02-13T16:41:30.869Z - GET /
2025-02-13T16:41:41.861Z - GET /
2025-02-13T16:42:00.901Z - GET /
2025-02-13T16:42:11.890Z - GET /
2025-02-13T16:42:23.589Z - GET /
2025-02-13T16:42:30.929Z - GET /
2025-02-13T16:42:41.921Z - GET /
2025-02-13T16:42:43.731Z - GET /
2025-02-13T16:43:00.961Z - GET /
2025-02-13T16:43:11.938Z - GET /
2025-02-13T16:43:30.984Z - GET /
2025-02-13T16:43:41.955Z - GET /
2025-02-13T16:44:00.990Z - GET /
2025-02-13T16:44:11.975Z - GET /
2025-02-13T16:44:31.021Z - GET /
2025-02-13T16:44:42.005Z - GET /
2025-02-13T16:45:01.051Z - GET /
2025-02-13T16:45:12.036Z - GET /
2025-02-13T16:45:31.054Z - GET /
2025-02-13T16:45:42.065Z - GET /
2025-02-13T16:46:01.086Z - GET /
2025-02-13T16:46:12.079Z - GET /
2025-02-13T16:46:31.109Z - GET /
2025-02-13T16:46:42.094Z - GET /
2025-02-13T16:47:01.138Z - GET /
2025-02-13T16:47:12.098Z - GET /
2025-02-13T16:47:31.165Z - GET /
2025-02-13T16:47:42.100Z - GET /
2025-02-13T16:48:01.166Z - GET /
2025-02-13T16:48:12.130Z - GET /
2025-02-13T16:48:31.167Z - GET /
2025-02-13T16:48:42.161Z - GET /
2025-02-13T16:49:01.198Z - GET /
2025-02-13T16:49:12.187Z - GET /
2025-02-13T16:49:31.229Z - GET /
2025-02-13T16:49:42.190Z - GET /
2025-02-13T16:50:01.260Z - GET /
2025-02-13T16:50:12.220Z - GET /
2025-02-13T16:50:31.285Z - GET /
2025-02-13T16:50:42.251Z - GET /
2025-02-13T16:51:01.301Z - GET /
2025-02-13T16:51:12.258Z - GET /
2025-02-13T16:51:31.332Z - GET /
2025-02-13T16:51:42.289Z - GET /
2025-02-13T16:52:01.361Z - GET /
2025-02-13T16:52:12.320Z - GET /
2025-02-13T16:52:31.392Z - GET /
2025-02-13T16:52:42.329Z - GET /
2025-02-13T16:53:01.400Z - GET /
2025-02-13T16:53:11.417Z - POST /
2025-02-13T16:53:12.359Z - GET /
2025-02-13T16:53:31.412Z - GET /
2025-02-13T16:53:42.386Z - GET /
2025-02-13T16:54:01.441Z - GET /
2025-02-13T16:54:12.413Z - GET /
2025-02-13T16:54:31.452Z - GET /
2025-02-13T16:54:42.426Z - GET /
2025-02-13T16:55:01.470Z - GET /
2025-02-13T16:55:12.457Z - GET /
2025-02-13T16:55:31.478Z - GET /
2025-02-13T16:55:42.487Z - GET /
2025-02-13T16:56:01.508Z - GET /
2025-02-13T16:56:12.504Z - GET /
2025-02-13T16:56:31.523Z - GET /
2025-02-13T16:56:42.535Z - GET /
2025-02-13T16:57:01.554Z - GET /
2025-02-13T16:57:12.565Z - GET /
2025-02-13T16:57:31.580Z - GET /
2025-02-13T16:57:42.581Z - GET /
2025-02-13T16:58:01.590Z - GET /
2025-02-13T16:58:12.611Z - GET /
2025-02-13T16:58:31.609Z - GET /
2025-02-13T16:58:42.642Z - GET /
2025-02-13T16:59:01.639Z - GET /
2025-02-13T16:59:12.672Z - GET /
2025-02-13T16:59:31.671Z - GET /
2025-02-13T16:59:42.692Z - GET /
2025-02-13T17:00:01.701Z - GET /
2025-02-13T17:00:12.710Z - GET /
2025-02-13T17:00:31.719Z - GET /
2025-02-13T17:00:42.725Z - GET /
2025-02-13T17:01:01.748Z - GET /
2025-02-13T17:01:12.755Z - GET /
2025-02-13T17:01:31.766Z - GET /
2025-02-13T17:01:42.768Z - GET /
2025-02-13T17:02:01.793Z - GET /
2025-02-13T17:02:12.799Z - GET /
2025-02-13T17:02:31.797Z - GET /
2025-02-13T17:02:42.821Z - GET /
2025-02-13T17:03:01.817Z - GET /
2025-02-13T17:03:12.852Z - GET /
2025-02-13T17:03:31.831Z - GET /
2025-02-13T17:03:42.883Z - GET /

Server started on port 3002 at 2025-02-14T05:36:57.104Z
2025-02-14T15:17:35.343Z - GET /
2025-02-14T15:17:48.700Z - GET /
2025-02-14T15:18:05.346Z - GET /
2025-02-14T15:18:18.723Z - GET /
2025-02-14T15:18:35.377Z - GET /
2025-02-14T15:18:48.754Z - GET /
2025-02-14T15:19:05.394Z - GET /
2025-02-14T15:19:18.758Z - GET /
2025-02-14T15:19:35.396Z - GET /
2025-02-14T15:19:48.759Z - GET /
2025-02-14T15:20:02.288Z - GET /
2025-02-14T15:20:03.742Z - GET /favicon.ico
2025-02-14T15:20:05.411Z - GET /
2025-02-14T15:20:18.786Z - GET /
2025-02-14T15:20:35.419Z - GET /
2025-02-14T15:20:48.809Z - GET /
2025-02-14T15:21:05.450Z - GET /
2025-02-14T15:21:18.838Z - GET /
2025-02-14T15:21:35.471Z - GET /
2025-02-14T15:21:48.862Z - GET /
2025-02-14T15:22:05.474Z - GET /
2025-02-14T15:22:18.874Z - GET /
2025-02-14T15:22:35.483Z - GET /
2025-02-14T15:22:48.881Z - GET /
2025-02-14T15:23:05.491Z - GET /
2025-02-14T15:23:18.902Z - GET /
2025-02-14T15:23:35.500Z - GET /
2025-02-14T15:23:48.922Z - GET /
2025-02-14T15:24:05.509Z - GET /
2025-02-14T15:24:18.944Z - GET /
2025-02-14T15:24:35.515Z - GET /
2025-02-14T15:24:48.968Z - GET /
2025-02-14T15:25:05.523Z - GET /
2025-02-14T15:25:18.990Z - GET /
2025-02-14T15:25:35.532Z - GET /
2025-02-14T15:25:49.014Z - GET /
2025-02-14T15:26:05.539Z - GET /
2025-02-14T15:26:19.030Z - GET /
2025-02-14T15:26:35.547Z - GET /
2025-02-14T15:26:49.047Z - GET /
2025-02-14T15:27:05.556Z - GET /
2025-02-14T15:27:19.051Z - GET /
2025-02-14T15:27:35.566Z - GET /
2025-02-14T15:27:49.066Z - GET /
2025-02-14T15:28:05.572Z - GET /
2025-02-14T15:28:19.089Z - GET /
2025-02-14T15:28:35.581Z - GET /
2025-02-14T15:28:49.112Z - GET /
2025-02-14T15:29:05.587Z - GET /
2025-02-14T15:29:19.133Z - GET /
2025-02-14T15:29:35.594Z - GET /
2025-02-14T15:29:49.155Z - GET /
2025-02-14T15:30:05.602Z - GET /
2025-02-14T15:30:19.175Z - GET /
2025-02-14T15:30:35.611Z - GET /
2025-02-14T15:30:49.194Z - GET /
2025-02-14T15:31:05.618Z - GET /
2025-02-14T15:31:19.217Z - GET /
2025-02-14T15:31:35.627Z - GET /
2025-02-14T15:31:49.240Z - GET /
2025-02-14T15:32:05.634Z - GET /
2025-02-14T15:32:19.240Z - GET /
2025-02-14T15:32:35.643Z - GET /
2025-02-14T15:32:49.264Z - GET /
2025-02-14T15:33:05.651Z - GET /
2025-02-14T15:33:19.287Z - GET /
2025-02-14T15:33:35.661Z - GET /
2025-02-14T15:33:49.305Z - GET /
2025-02-14T15:34:05.666Z - GET /
2025-02-14T15:34:19.328Z - GET /
2025-02-14T15:34:35.675Z - GET /
2025-02-14T15:34:49.340Z - GET /
2025-02-14T15:35:05.684Z - GET /
2025-02-14T15:35:19.358Z - GET /
2025-02-14T15:35:35.694Z - GET /
2025-02-14T15:35:49.380Z - GET /
2025-02-14T15:36:05.696Z - GET /
2025-02-14T15:36:19.391Z - GET /
2025-02-14T15:36:35.704Z - GET /
2025-02-14T15:36:49.406Z - GET /
2025-02-14T15:37:05.714Z - GET /
2025-02-14T15:37:19.426Z - GET /
2025-02-14T15:37:35.723Z - GET /
2025-02-14T15:37:49.449Z - GET /
2025-02-14T15:38:05.732Z - GET /
2025-02-14T15:38:19.468Z - GET /
2025-02-14T15:38:35.740Z - GET /
2025-02-14T15:38:49.479Z - GET /
2025-02-14T15:39:05.749Z - GET /
2025-02-14T15:39:19.497Z - GET /
2025-02-14T15:39:35.755Z - GET /
2025-02-14T15:39:49.521Z - GET /
2025-02-14T15:40:05.763Z - GET /
2025-02-14T15:40:19.533Z - GET /
2025-02-14T15:40:35.771Z - GET /
2025-02-14T15:40:49.549Z - GET /
2025-02-14T15:41:05.780Z - GET /
2025-02-14T15:41:19.573Z - GET /
2025-02-14T15:41:35.789Z - GET /
2025-02-14T15:41:49.574Z - GET /
2025-02-14T15:42:05.795Z - GET /
2025-02-14T15:42:19.580Z - GET /
2025-02-14T15:42:35.804Z - GET /
2025-02-14T15:42:49.583Z - GET /
2025-02-14T15:43:05.806Z - GET /
2025-02-14T15:43:19.602Z - GET /
2025-02-14T15:43:21.623Z - GET /
2025-02-14T15:43:35.815Z - GET /
2025-02-14T15:43:49.622Z - GET /
2025-02-14T15:44:05.823Z - GET /
2025-02-14T15:44:19.637Z - GET /
2025-02-14T15:44:35.835Z - GET /
2025-02-14T15:44:49.658Z - GET /
2025-02-14T15:45:05.839Z - GET /
2025-02-14T15:45:19.681Z - GET /
2025-02-14T15:45:35.846Z - GET /
2025-02-14T15:45:49.688Z - GET /
2025-02-14T15:46:05.855Z - GET /
2025-02-14T15:46:19.711Z - GET /
2025-02-14T15:46:35.864Z - GET /
2025-02-14T15:46:49.722Z - GET /
2025-02-14T15:47:05.871Z - GET /
2025-02-14T15:47:19.728Z - GET /
2025-02-14T15:47:35.879Z - GET /
2025-02-14T15:47:49.750Z - GET /
2025-02-14T15:48:05.888Z - GET /
2025-02-14T15:48:19.769Z - GET /
2025-02-14T15:48:35.894Z - GET /
2025-02-14T15:48:49.791Z - GET /
2025-02-14T15:49:05.904Z - GET /
2025-02-14T15:49:19.810Z - GET /
2025-02-14T15:49:35.911Z - GET /
2025-02-14T15:49:49.823Z - GET /
2025-02-14T15:50:05.919Z - GET /
2025-02-14T15:50:19.834Z - GET /
2025-02-14T15:50:35.926Z - GET /
2025-02-14T15:50:49.856Z - GET /
2025-02-14T15:51:05.934Z - GET /
2025-02-14T15:51:19.880Z - GET /
2025-02-14T15:51:35.942Z - GET /
2025-02-14T15:51:49.894Z - GET /
2025-02-14T15:52:05.944Z - GET /
2025-02-14T15:52:19.910Z - GET /
2025-02-14T15:52:20.742Z - GET /
2025-02-14T15:52:35.952Z - GET /
2025-02-14T15:52:49.931Z - GET /
2025-02-14T15:53:05.961Z - GET /
2025-02-14T15:53:19.949Z - GET /
2025-02-14T15:53:35.968Z - GET /
2025-02-14T15:53:49.973Z - GET /
2025-02-14T15:54:05.976Z - GET /
2025-02-14T15:54:19.987Z - GET /
2025-02-14T15:54:35.983Z - GET /
2025-02-14T15:54:50.009Z - GET /
2025-02-14T15:55:05.994Z - GET /
2025-02-14T15:55:20.031Z - GET /
2025-02-14T15:55:36.000Z - GET /
2025-02-14T15:55:50.054Z - GET /
2025-02-14T15:56:06.009Z - GET /
2025-02-14T15:56:20.070Z - GET /
2025-02-14T15:56:36.017Z - GET /
2025-02-14T15:56:50.089Z - GET /
2025-02-14T15:57:06.026Z - GET /
2025-02-14T15:57:20.109Z - GET /
2025-02-14T15:57:36.035Z - GET /
2025-02-14T15:57:50.130Z - GET /
2025-02-14T15:58:06.043Z - GET /
2025-02-14T15:58:20.138Z - GET /
2025-02-14T15:58:36.051Z - GET /
2025-02-14T15:58:50.160Z - GET /
2025-02-14T15:59:06.058Z - GET /
2025-02-14T15:59:20.185Z - GET /
2025-02-14T15:59:36.066Z - GET /
2025-02-14T15:59:50.207Z - GET /
2025-02-14T16:00:06.075Z - GET /
2025-02-14T16:00:20.230Z - GET /
2025-02-14T16:00:36.083Z - GET /
2025-02-14T16:00:50.250Z - GET /
2025-02-14T16:01:06.087Z - GET /
2025-02-14T16:01:20.273Z - GET /
2025-02-14T16:01:36.092Z - GET /
2025-02-14T16:01:50.279Z - GET /
2025-02-14T16:02:06.099Z - GET /
2025-02-14T16:02:20.290Z - GET /
2025-02-14T16:02:36.104Z - GET /
2025-02-14T16:02:50.310Z - GET /
2025-02-14T16:03:06.112Z - GET /
2025-02-14T16:03:20.332Z - GET /
2025-02-14T16:03:36.120Z - GET /
2025-02-14T16:03:50.349Z - GET /
2025-02-14T16:04:06.127Z - GET /
2025-02-14T16:04:20.371Z - GET /
2025-02-14T16:04:36.131Z - GET /
2025-02-14T16:04:50.385Z - GET /
2025-02-14T16:05:06.139Z - GET /
2025-02-14T16:05:20.402Z - GET /
2025-02-14T16:05:36.146Z - GET /
2025-02-14T16:05:50.426Z - GET /
2025-02-14T16:06:06.148Z - GET /
2025-02-14T16:06:20.448Z - GET /
2025-02-14T16:06:36.155Z - GET /
2025-02-14T16:06:50.461Z - GET /
2025-02-14T16:07:06.163Z - GET /
2025-02-14T16:07:20.484Z - GET /
2025-02-14T16:07:36.170Z - GET /
2025-02-14T16:07:50.506Z - GET /
2025-02-14T16:08:06.178Z - GET /
2025-02-14T16:08:20.527Z - GET /
2025-02-14T16:08:36.181Z - GET /
2025-02-14T16:08:50.537Z - GET /
2025-02-14T16:09:06.187Z - GET /
2025-02-14T16:09:20.560Z - GET /
2025-02-14T16:09:36.189Z - GET /
2025-02-14T16:09:50.584Z - GET /
2025-02-14T16:10:06.195Z - GET /
2025-02-14T16:10:20.594Z - GET /
2025-02-14T16:10:36.202Z - GET /
2025-02-14T16:10:50.615Z - GET /
2025-02-14T16:11:06.211Z - GET /
2025-02-14T16:11:20.639Z - GET /
2025-02-14T16:11:36.218Z - GET /
2025-02-14T16:11:50.659Z - GET /
2025-02-14T16:12:06.226Z - GET /
2025-02-14T16:12:20.681Z - GET /
2025-02-14T16:12:36.234Z - GET /
2025-02-14T16:12:50.705Z - GET /
2025-02-14T16:13:06.242Z - GET /
2025-02-14T16:13:20.726Z - GET /
2025-02-14T16:13:36.250Z - GET /
2025-02-14T16:13:50.735Z - GET /
2025-02-14T16:14:06.258Z - GET /
2025-02-14T16:14:20.759Z - GET /
2025-02-14T16:14:36.266Z - GET /
2025-02-14T16:14:50.781Z - GET /
2025-02-14T16:15:06.274Z - GET /
2025-02-14T16:15:20.805Z - GET /
2025-02-14T16:15:36.278Z - GET /
2025-02-14T16:15:50.829Z - GET /
2025-02-14T16:16:06.284Z - GET /
2025-02-14T16:16:20.841Z - GET /
2025-02-14T16:16:36.293Z - GET /
2025-02-14T16:16:50.865Z - GET /
2025-02-14T16:17:06.298Z - GET /
2025-02-14T16:17:20.867Z - GET /
2025-02-14T16:17:36.306Z - GET /
2025-02-14T16:17:50.893Z - GET /
2025-02-14T16:18:06.315Z - GET /
2025-02-14T16:18:20.915Z - GET /
2025-02-14T16:18:36.323Z - GET /
2025-02-14T16:18:50.918Z - GET /
2025-02-14T16:19:06.330Z - GET /
2025-02-14T16:19:20.943Z - GET /
2025-02-14T16:19:36.332Z - GET /
2025-02-14T16:19:50.946Z - GET /
2025-02-14T16:20:06.338Z - GET /
2025-02-14T16:20:20.969Z - GET /
2025-02-14T16:20:36.346Z - GET /
